Archive member included to satisfy reference by file (symbol)

cpu/br36/liba/cpu.a(crc16.c.o)
                              objs/cpu/br36/setup.c.o (symbol from plugin) (__crc16_mutex_init)
cpu/br36/liba/cpu.a(voltage.c.o)
                              objs/cpu/components/gpadc_utils.c.o (symbol from plugin) (voltage_api_get_mvbg_diff)
cpu/br36/liba/cpu.a(gpio_hw.c.o)
                              objs/apps/common/device/usb/usb_config.c.o (symbol from plugin) (usb_iomode)
cpu/br36/liba/cpu.a(gpio_func.c.o)
                              objs/cpu/br36/charge/chargestore.c.o (symbol from plugin) (gpio_set_function)
cpu/br36/liba/cpu.a(wdt.c.o)  objs/apps/earphone/app_main.c.o (symbol from plugin) (wdt_clear)
cpu/br36/liba/cpu.a(efuse.c.o)
                              objs/cpu/br36/charge/charge.c.o (symbol from plugin) (efuse_get_vbat_trim_420)
cpu/br36/liba/cpu.a(debug.c.o)
                              objs/apps/common/device/usb/device/msd_upgrade.c.o (symbol from plugin) (ram_protect_close)
cpu/br36/liba/cpu.a(usb.c.o)  objs/apps/common/device/usb/usb_config.c.o (symbol from plugin) (usb_sofie_enable)
cpu/br36/liba/cpu.a(uart_v1.c.o)
                              objs/apps/common/debug/debug_uart_config.c.o (symbol from plugin) (uart_init)
cpu/br36/liba/cpu.a(gpio.c.o)
                              objs/apps/common/config/bt_name_parse.c.o (symbol from plugin) (gpio_set_mode)
cpu/br36/liba/cpu.a(iic_hw_v1.c.o)
                              objs/cpu/periph_demo/iic_master_demo.c.o (symbol from plugin) (hw_iic_init)
cpu/br36/liba/cpu.a(gptimer_utils.c.o)
                              objs/cpu/periph_demo/timer_demo.c.o (symbol from plugin) (gptimer_pwm_init)
cpu/br36/liba/cpu.a(vm_sfc.c.o)
                              objs/apps/common/fat_nor/cfg_private.c.o (symbol from plugin) (norflash_read)
cpu/br36/liba/cpu.a(clock.c.o)
                              objs/audio/common/wm8978/iic.c.o (symbol from plugin) (delay_nops)
cpu/br36/liba/cpu.a(power_trim.c.o)
                              objs/apps/earphone/board/br36/board_config.c.o (symbol from plugin) (pmu_trim_dump)
cpu/br36/liba/cpu.a(power_driver.c.o)
                              objs/apps/earphone/board/br36/power_config.c.o (symbol from plugin) (power_set_callback)
cpu/br36/liba/cpu.a(power_wakeup.c.o)
                              objs/apps/earphone/board/br36/power_config.c.o (symbol from plugin) (power_wakeup_init)
cpu/br36/liba/cpu.a(lp_ipc.c.o)
                              power_driver.c.o (symbol from plugin) (lp_ipc_init)
cpu/br36/liba/cpu.a(power_compat.c.o)
                              objs/apps/earphone/app_main.c.o (symbol from plugin) (cpu_reset_by_soft)
cpu/br36/liba/cpu.a(p33.c.o)  objs/cpu/br36/periph/gpadc.c.o (symbol from plugin) (adc_pmu_ch_select)
cpu/br36/liba/cpu.a(reset.c.o)
                              objs/apps/earphone/app_main.c.o (symbol from plugin) (is_reset_source)
cpu/br36/liba/cpu.a(p33_io.c.o)
                              power_wakeup.c.o (symbol from plugin) (P33_DUMP_WKUP)
cpu/br36/liba/cpu.a(port.c.o)
                              objs/apps/earphone/board/br36/gpio_config.c.o (symbol from plugin) (spi_get_port)
cpu/br36/liba/cpu.a(lrc.c.o)  power_driver.c.o (symbol from plugin) (__get_lrc_hz)
cpu/br36/liba/cpu.a(lptmr.c.o)
                              power_driver.c.o (symbol from plugin) (__lp_timer_dump)
cpu/br36/liba/cpu.a(power_hw.c.o)
                              power_driver.c.o (symbol from plugin) (clear_wkup_src_pnd)
cpu/br36/liba/cpu.a(basic_funt.c.o)
                              power_driver.c.o (symbol from plugin) (lp_timeout_dump)
cpu/br36/liba/cpu.a(power_analog.c.o)
                              power_driver.c.o (symbol from plugin) (power_analog_init)
cpu/br36/liba/cpu.a(power_clock.c.o)
                              power_analog.c.o (symbol from plugin) (hw_bt_osc_pdown_exit)
cpu/br36/liba/cpu.a(power_sfc.c.o)
                              power_driver.c.o (symbol from plugin) (hw_flash_pwr_en)
cpu/br36/liba/cpu.a(sdx_dev.c.o)
                              objs/cpu/periph_demo/sd_test.c.o (symbol from plugin) (force_set_sd_online)
cpu/br36/liba/cpu.a(sdx_driver.c.o)
                              sdx_dev.c.o (symbol from plugin) (sdx_init_card)
cpu/br36/liba/cpu.a(sdx_source.c.o)
                              sdx_driver.c.o (symbol from plugin) (sdx_get_hi_jiffies)
cpu/br36/liba/cpu.a(chargestore.c.o)
                              objs/apps/earphone/battery/charge_store.c.o (symbol from plugin) (chargestore_api_write)
cpu/br36/liba/cpu.a(otg.c.o)  objs/apps/common/device/usb/usb_config.c.o (symbol from plugin) (usb_otg_suspend)
cpu/br36/liba/cpu.a(usb_phy.c.o)
                              usb.c.o (symbol from plugin) (usb_mdelay)
cpu/br36/liba/cpu.a(usb_setup.c.o)
                              objs/apps/common/device/usb/device/uac1.c.o (symbol from plugin) (usb_device2id)
cpu/br36/liba/cpu.a(descriptor.c.o)
[...]
Memory Configuration

Name             Origin             Length             Attributes
code0            0x01e00100         0x00200000         xr
ram0             0x00000000         0x0002bb60         xrw
*default*        0x00000000         0xffffffff

Linker script and memory map

LOAD objs/apps/common/app_mode_manager/app_mode_manager.c.o
LOAD cpu/br36/tools/sdk.elf.o
LOAD objs/apps/common/cJSON/cJSON.c.o
LOAD objs/apps/common/clock_manager/clock_manager.c.o
LOAD objs/apps/common/config/app_config.c.o
LOAD objs/apps/common/config/bt_name_parse.c.o
LOAD objs/apps/common/config/bt_profile_config.c.o
LOAD objs/apps/common/config/cfg_tool_statistics_functions/cfg_tool_statistics.c.o
LOAD objs/apps/common/config/ci_transport_uart.c.o
LOAD objs/apps/common/config/new_cfg_tool.c.o
LOAD objs/apps/common/debug/debug.c.o
LOAD objs/apps/common/debug/debug_lite.c.o
LOAD objs/apps/common/debug/debug_uart_config.c.o
LOAD objs/apps/common/dev_manager/dev_manager.c.o
LOAD objs/apps/common/device/in_ear_detect/in_ear_detect.c.o
LOAD objs/apps/common/device/in_ear_detect/in_ear_manage.c.o
LOAD objs/apps/common/device/key/adkey.c.o
LOAD objs/apps/common/device/key/adkey_rtcvdd.c.o
LOAD objs/apps/common/device/key/ctmu_touch_key.c.o
LOAD objs/apps/common/device/key/iokey.c.o
LOAD objs/apps/common/device/key/irkey.c.o
LOAD objs/apps/common/device/key/key_driver.c.o
LOAD objs/apps/common/device/key/touch_key.c.o
LOAD objs/apps/common/device/key/uart_key.c.o
LOAD objs/apps/common/device/sensor/imu_sensor/icm_42670p/icm_42670p.c.o
LOAD objs/apps/common/device/sensor/imu_sensor/icm_42670p/inv_imu_apex.c.o
LOAD objs/apps/common/device/sensor/imu_sensor/icm_42670p/inv_imu_driver.c.o
LOAD objs/apps/common/device/sensor/imu_sensor/icm_42670p/inv_imu_transport.c.o
LOAD objs/apps/common/device/sensor/imu_sensor/imuSensor_manage.c.o
LOAD objs/apps/common/device/sensor/imu_sensor/lsm6dsl/lsm6dsl.c.o
LOAD objs/apps/common/device/sensor/imu_sensor/mpu6887/mpu6887p.c.o
LOAD objs/apps/common/device/sensor/imu_sensor/mpu9250/mpu9250.c.o
LOAD objs/apps/common/device/sensor/imu_sensor/qmi8658/qmi8658c.c.o
LOAD objs/apps/common/device/sensor/imu_sensor/sh3001/sh3001.c.o
LOAD objs/apps/common/device/sensor/ir_sensor/ir_manage.c.o
LOAD objs/apps/common/device/sensor/ir_sensor/jsa1221.c.o
LOAD objs/apps/common/device/sensor/ntc/ntc_det.c.o
LOAD objs/apps/common/device/usb/demo/host/audio_demo.c.o
LOAD objs/apps/common/device/usb/demo/host/udisk_block_test.c.o
LOAD objs/apps/common/device/usb/device/cdc.c.o
LOAD objs/apps/common/device/usb/device/custom_hid.c.o
LOAD objs/apps/common/device/usb/device/descriptor.c.o
LOAD objs/apps/common/device/usb/device/hid.c.o
LOAD objs/apps/common/device/usb/device/msd.c.o
LOAD objs/apps/common/device/usb/device/msd_upgrade.c.o
LOAD objs/apps/common/device/usb/device/rcsp_hid_inter.c.o
LOAD objs/apps/common/device/usb/device/task_pc.c.o
LOAD objs/apps/common/device/usb/device/uac1.c.o
LOAD objs/apps/common/device/usb/device/uac2.c.o
LOAD objs/apps/common/device/usb/device/uac_stream.c.o
LOAD objs/apps/common/device/usb/device/usb_device.c.o
LOAD objs/apps/common/device/usb/device/user_setup.c.o
LOAD objs/apps/common/device/usb/host/adb.c.o
LOAD objs/apps/common/device/usb/host/aoa.c.o
LOAD objs/apps/common/device/usb/host/audio.c.o
LOAD objs/apps/common/device/usb/host/hid.c.o
LOAD objs/apps/common/device/usb/host/usb_bulk_transfer.c.o
LOAD objs/apps/common/device/usb/host/usb_ctrl_transfer.c.o
LOAD objs/apps/common/device/usb/host/usb_host.c.o
LOAD objs/apps/common/device/usb/host/usb_storage.c.o
LOAD objs/apps/common/device/usb/usb_config.c.o
LOAD objs/apps/common/device/usb/usb_epbuf_manager.c.o
LOAD objs/apps/common/device/usb/usb_host_config.c.o
LOAD objs/apps/common/device/usb/usb_task.c.o
LOAD objs/apps/common/fat_nor/cfg_private.c.o
LOAD objs/apps/common/scene_manager/scene_manager.c.o
LOAD objs/apps/common/temp_trim/dtemp_pll_trim.c.o
LOAD objs/apps/common/third_party_profile/Tencent_LL/tencent_ll_demo/jieli_iot_functions/ble_iot_anc_manager.c.o
LOAD objs/apps/common/third_party_profile/Tencent_LL/tencent_ll_demo/jieli_iot_functions/ble_iot_msg_manager.c.o
LOAD objs/apps/common/third_party_profile/Tencent_LL/tencent_ll_demo/jieli_iot_functions/ble_iot_power_manager.c.o
LOAD objs/apps/common/third_party_profile/Tencent_LL/tencent_ll_demo/jieli_iot_functions/ble_iot_tws_manager.c.o
LOAD objs/apps/common/third_party_profile/Tencent_LL/tencent_ll_demo/jieli_iot_functions/ble_iot_utils.c.o
LOAD objs/apps/common/third_party_profile/Tencent_LL/tencent_ll_demo/ll_demo.c.o
LOAD objs/apps/common/third_party_profile/Tencent_LL/tencent_ll_demo/ll_sync_event_handler.c.o
LOAD objs/apps/common/third_party_profile/Tencent_LL/tencent_ll_demo/ll_task.c.o
LOAD objs/apps/common/third_party_profile/Tencent_LL/tencent_protocol/ble_qiot_import.c.o
LOAD objs/apps/common/third_party_profile/Tencent_LL/tencent_protocol/ble_qiot_llsync_data.c.o
LOAD objs/apps/common/third_party_profile/Tencent_LL/tencent_protocol/ble_qiot_llsync_device.c.o
LOAD objs/apps/common/third_party_profile/Tencent_LL/tencent_protocol/ble_qiot_llsync_event.c.o
LOAD objs/apps/common/third_party_profile/Tencent_LL/tencent_protocol/ble_qiot_llsync_ota.c.o
LOAD objs/apps/common/third_party_profile/Tencent_LL/tencent_protocol/ble_qiot_service.c.o
LOAD objs/apps/common/third_party_profile/Tencent_LL/tencent_protocol/ble_qiot_template.c.o
LOAD objs/apps/common/third_party_profile/Tencent_LL/tencent_protocol/ble_qiot_utils_base64.c.o
LOAD objs/apps/common/third_party_profile/Tencent_LL/tencent_protocol/ble_qiot_utils_crc.c.o
LOAD objs/apps/common/third_party_profile/Tencent_LL/tencent_protocol/ble_qiot_utils_hmac.c.o
LOAD objs/apps/common/third_party_profile/Tencent_LL/tencent_protocol/ble_qiot_utils_log.c.o
LOAD objs/apps/common/third_party_profile/Tencent_LL/tencent_protocol/ble_qiot_utils_md5.c.o
LOAD objs/apps/common/third_party_profile/Tencent_LL/tencent_protocol/ble_qiot_utils_sha1.c.o
LOAD objs/apps/common/third_party_profile/ancs_client_demo/le_ancs_client.c.o
LOAD objs/apps/common/third_party_profile/common/3th_profile_api.c.o
LOAD objs/apps/common/third_party_profile/common/custom_cfg.c.o
LOAD objs/apps/common/third_party_profile/common/mic_rec.c.o
LOAD objs/apps/common/third_party_profile/gfps_protocol.c.o
LOAD objs/apps/common/third_party_profile/interface/app_protocol_api.c.o
LOAD objs/apps/common/third_party_profile/interface/app_protocol_common.c.o
LOAD objs/apps/common/third_party_profile/interface/app_protocol_dma.c.o
LOAD objs/apps/common/third_party_profile/interface/app_protocol_gma.c.o
LOAD objs/apps/common/third_party_profile/interface/app_protocol_mma.c.o
LOAD objs/apps/common/third_party_profile/interface/app_protocol_ota.c.o
LOAD objs/apps/common/third_party_profile/interface/app_protocol_tme.c.o
LOAD objs/apps/common/third_party_profile/jieli/online_db/online_db_deal.c.o
LOAD objs/apps/common/third_party_profile/jieli/online_db/spp_online_db.c.o
LOAD objs/apps/common/third_party_profile/jieli/rcsp/adv/ble_rcsp_adv.c.o
LOAD objs/apps/common/third_party_profile/jieli/rcsp/ble_rcsp_client.c.o
LOAD objs/apps/common/third_party_profile/jieli/rcsp/ble_rcsp_multi_common.c.o
LOAD objs/apps/common/third_party_profile/jieli/rcsp/ble_rcsp_server.c.o
LOAD objs/apps/common/third_party_profile/jieli/rcsp/client/rcsp_c_cmd_recieve.c.o
LOAD objs/apps/common/third_party_profile/jieli/rcsp/client/rcsp_c_cmd_recieve_no_response.c.o
LOAD objs/apps/common/third_party_profile/jieli/rcsp/client/rcsp_c_cmd_response.c.o
LOAD objs/apps/common/third_party_profile/jieli/rcsp/client/rcsp_m_update/rcsp_update_master.c.o
LOAD objs/apps/common/third_party_profile/jieli/rcsp/rcsp_functions/rcsp.c.o
LOAD objs/apps/common/third_party_profile/jieli/rcsp/rcsp_functions/rcsp_bt_manage.c.o
LOAD objs/apps/common/third_party_profile/jieli/rcsp/rcsp_functions/rcsp_config.c.o
LOAD objs/apps/common/third_party_profile/jieli/rcsp/rcsp_functions/rcsp_event.c.o
LOAD objs/apps/common/third_party_profile/jieli/rcsp/rcsp_functions/rcsp_manage.c.o
LOAD objs/apps/common/third_party_profile/jieli/rcsp/rcsp_functions/rcsp_task.c.o
LOAD objs/apps/common/third_party_profile/jieli/rcsp/server/functions/browser/rcsp_browser.c.o
LOAD objs/apps/common/third_party_profile/jieli/rcsp/server/functions/device_info/device_status_cmd/rcsp_bt_func.c.o
LOAD objs/apps/common/third_party_profile/jieli/rcsp/server/functions/device_info/device_status_cmd/rcsp_fm_func.c.o
LOAD objs/apps/common/third_party_profile/jieli/rcsp/server/functions/device_info/device_status_cmd/rcsp_linein_func.c.o
LOAD objs/apps/common/third_party_profile/jieli/rcsp/server/functions/device_info/device_status_cmd/rcsp_music_func.c.o
LOAD objs/apps/common/third_party_profile/jieli/rcsp/server/functions/device_info/device_status_cmd/rcsp_rtc_func.c.o
LOAD objs/apps/common/third_party_profile/jieli/rcsp/server/functions/device_info/rcsp_device_feature.c.o
LOAD objs/apps/common/third_party_profile/jieli/rcsp/server/functions/device_info/rcsp_device_status.c.o
LOAD objs/apps/common/third_party_profile/jieli/rcsp/server/functions/external_flash/rcsp_extra_flash_cmd.c.o
LOAD objs/apps/common/third_party_profile/jieli/rcsp/server/functions/external_flash/rcsp_extra_flash_opt.c.o
LOAD objs/apps/common/third_party_profile/jieli/rcsp/server/functions/file_transfer/dev_format.c.o
LOAD objs/apps/common/third_party_profile/jieli/rcsp/server/functions/file_transfer/file_bluk_trans_prepare.c.o
LOAD objs/apps/common/third_party_profile/jieli/rcsp/server/functions/file_transfer/file_delete.c.o
LOAD objs/apps/common/third_party_profile/jieli/rcsp/server/functions/file_transfer/file_simple_transfer.c.o
LOAD objs/apps/common/third_party_profile/jieli/rcsp/server/functions/file_transfer/file_trans_back.c.o
LOAD objs/apps/common/third_party_profile/jieli/rcsp/server/functions/file_transfer/file_transfer.c.o
LOAD objs/apps/common/third_party_profile/jieli/rcsp/server/functions/rcsp_setting_opt/rcsp_adv_bluetooth.c.o
LOAD objs/apps/common/third_party_profile/jieli/rcsp/server/functions/rcsp_setting_opt/rcsp_setting_opt.c.o
LOAD objs/apps/common/third_party_profile/jieli/rcsp/server/functions/rcsp_setting_opt/rcsp_setting_sync.c.o
LOAD objs/apps/common/third_party_profile/jieli/rcsp/server/functions/rcsp_setting_opt/settings/adv_1t2_setting.c.o
LOAD objs/apps/common/third_party_profile/jieli/rcsp/server/functions/rcsp_setting_opt/settings/adv_adaptive_noise_reduction.c.o
LOAD objs/apps/common/third_party_profile/jieli/rcsp/server/functions/rcsp_setting_opt/settings/adv_ai_no_pick.c.o
LOAD objs/apps/common/third_party_profile/jieli/rcsp/server/functions/rcsp_setting_opt/settings/adv_anc_voice.c.o
LOAD objs/apps/common/third_party_profile/jieli/rcsp/server/functions/rcsp_setting_opt/settings/adv_anc_voice_key.c.o
LOAD objs/apps/common/third_party_profile/jieli/rcsp/server/functions/rcsp_setting_opt/settings/adv_bt_name_setting.c.o
LOAD objs/apps/common/third_party_profile/jieli/rcsp/server/functions/rcsp_setting_opt/settings/adv_hearing_aid_setting.c.o
LOAD objs/apps/common/third_party_profile/jieli/rcsp/server/functions/rcsp_setting_opt/settings/adv_key_setting.c.o
LOAD objs/apps/common/third_party_profile/jieli/rcsp/server/functions/rcsp_setting_opt/settings/adv_led_setting.c.o
LOAD objs/apps/common/third_party_profile/jieli/rcsp/server/functions/rcsp_setting_opt/settings/adv_mic_setting.c.o
LOAD objs/apps/common/third_party_profile/jieli/rcsp/server/functions/rcsp_setting_opt/settings/adv_scene_noise_reduction.c.o
LOAD objs/apps/common/third_party_profile/jieli/rcsp/server/functions/rcsp_setting_opt/settings/adv_time_stamp_setting.c.o
LOAD objs/apps/common/third_party_profile/jieli/rcsp/server/functions/rcsp_setting_opt/settings/adv_voice_enhancement_mode.c.o
LOAD objs/apps/common/third_party_profile/jieli/rcsp/server/functions/rcsp_setting_opt/settings/adv_wind_noise_detection.c.o
LOAD objs/apps/common/third_party_profile/jieli/rcsp/server/functions/rcsp_setting_opt/settings/adv_work_setting.c.o
LOAD objs/apps/common/third_party_profile/jieli/rcsp/server/functions/rcsp_setting_opt/settings/rcsp_color_led_setting.c.o
LOAD objs/apps/common/third_party_profile/jieli/rcsp/server/functions/rcsp_setting_opt/settings/rcsp_eq_setting.c.o
LOAD objs/apps/common/third_party_profile/jieli/rcsp/server/functions/rcsp_setting_opt/settings/rcsp_high_low_vol_setting.c.o
LOAD objs/apps/common/third_party_profile/jieli/rcsp/server/functions/rcsp_setting_opt/settings/rcsp_karaoke_eq_setting.c.o
LOAD objs/apps/common/third_party_profile/jieli/rcsp/server/functions/rcsp_setting_opt/settings/rcsp_karaoke_setting.c.o
LOAD objs/apps/common/third_party_profile/jieli/rcsp/server/functions/rcsp_setting_opt/settings/rcsp_misc_drc_setting.c.o
LOAD objs/apps/common/third_party_profile/jieli/rcsp/server/functions/rcsp_setting_opt/settings/rcsp_misc_reverbration_setting.c.o
LOAD objs/apps/common/third_party_profile/jieli/rcsp/server/functions/rcsp_setting_opt/settings/rcsp_misc_setting.c.o
LOAD objs/apps/common/third_party_profile/jieli/rcsp/server/functions/rcsp_setting_opt/settings/rcsp_music_info_setting.c.o
LOAD objs/apps/common/third_party_profile/jieli/rcsp/server/functions/rcsp_setting_opt/settings/rcsp_vol_setting.c.o
LOAD objs/apps/common/third_party_profile/jieli/rcsp/server/functions/rcsp_switch_device.c.o
LOAD objs/apps/common/third_party_profile/jieli/rcsp/server/functions/rcsp_update/rcsp_ch_loader_download.c.o
LOAD objs/apps/common/third_party_profile/jieli/rcsp/server/functions/rcsp_update/rcsp_update.c.o
LOAD objs/apps/common/third_party_profile/jieli/rcsp/server/functions/rcsp_update/rcsp_update_tws.c.o
LOAD objs/apps/common/third_party_profile/jieli/rcsp/server/functions/sensors/nfc_data_opt.c.o
LOAD objs/apps/common/third_party_profile/jieli/rcsp/server/functions/sensors/sensor_log_notify.c.o
LOAD objs/apps/common/third_party_profile/jieli/rcsp/server/functions/sensors/sensors_data_opt.c.o
LOAD objs/apps/common/third_party_profile/jieli/rcsp/server/functions/sensors/sport_data_func.c.o
LOAD objs/apps/common/third_party_profile/jieli/rcsp/server/functions/sensors/sport_data_info_opt/sport_info_bt_disconn.c.o
LOAD objs/apps/common/third_party_profile/jieli/rcsp/server/functions/sensors/sport_data_info_opt/sport_info_continuous_heart_rate.c.o
LOAD objs/apps/common/third_party_profile/jieli/rcsp/server/functions/sensors/sport_data_info_opt/sport_info_exercise_heart_rate.c.o
LOAD objs/apps/common/third_party_profile/jieli/rcsp/server/functions/sensors/sport_data_info_opt/sport_info_fall_detection.c.o
LOAD objs/apps/common/third_party_profile/jieli/rcsp/server/functions/sensors/sport_data_info_opt/sport_info_personal_info.c.o
LOAD objs/apps/common/third_party_profile/jieli/rcsp/server/functions/sensors/sport_data_info_opt/sport_info_pressure_detection.c.o
LOAD objs/apps/common/third_party_profile/jieli/rcsp/server/functions/sensors/sport_data_info_opt/sport_info_raise_wrist.c.o
LOAD objs/apps/common/third_party_profile/jieli/rcsp/server/functions/sensors/sport_data_info_opt/sport_info_sedentary.c.o
LOAD objs/apps/common/third_party_profile/jieli/rcsp/server/functions/sensors/sport_data_info_opt/sport_info_sensor_opt.c.o
LOAD objs/apps/common/third_party_profile/jieli/rcsp/server/functions/sensors/sport_data_info_opt/sport_info_sleep_detection.c.o
LOAD objs/apps/common/third_party_profile/jieli/rcsp/server/functions/sensors/sport_data_opt/sport_data_air_pressure.c.o
LOAD objs/apps/common/third_party_profile/jieli/rcsp/server/functions/sensors/sport_data_opt/sport_data_altitude.c.o
LOAD objs/apps/common/third_party_profile/jieli/rcsp/server/functions/sensors/sport_data_opt/sport_data_blood_oxygen.c.o
LOAD objs/apps/common/third_party_profile/jieli/rcsp/server/functions/sensors/sport_data_opt/sport_data_exercise_recovery_time.c.o
LOAD objs/apps/common/third_party_profile/jieli/rcsp/server/functions/sensors/sport_data_opt/sport_data_exercise_steps.c.o
LOAD objs/apps/common/third_party_profile/jieli/rcsp/server/functions/sensors/sport_data_opt/sport_data_heart_rate.c.o
LOAD objs/apps/common/third_party_profile/jieli/rcsp/server/functions/sensors/sport_data_opt/sport_data_max_oxygen_uptake.c.o
LOAD objs/apps/common/third_party_profile/jieli/rcsp/server/functions/sensors/sport_data_opt/sport_data_pressure_detection.c.o
LOAD objs/apps/common/third_party_profile/jieli/rcsp/server/functions/sensors/sport_data_opt/sport_data_sports_information.c.o
LOAD objs/apps/common/third_party_profile/jieli/rcsp/server/functions/sensors/sport_data_opt/sport_data_training_load.c.o
LOAD objs/apps/common/third_party_profile/jieli/rcsp/server/functions/sensors/sport_info_opt.c.o
LOAD objs/apps/common/third_party_profile/jieli/rcsp/server/functions/sensors/sport_info_sync.c.o
LOAD objs/apps/common/third_party_profile/jieli/rcsp/server/functions/sensors/sport_info_vm.c.o
LOAD objs/apps/common/third_party_profile/jieli/rcsp/server/rcsp_cmd_recieve.c.o
LOAD objs/apps/common/third_party_profile/jieli/rcsp/server/rcsp_cmd_recieve_no_respone.c.o
LOAD objs/apps/common/third_party_profile/jieli/rcsp/server/rcsp_cmd_respone.c.o
LOAD objs/apps/common/third_party_profile/jieli/rcsp/server/rcsp_cmd_user.c.o
LOAD objs/apps/common/third_party_profile/jieli/rcsp/server/rcsp_command.c.o
LOAD objs/apps/common/third_party_profile/jieli/rcsp/server/rcsp_data_recieve.c.o
LOAD objs/apps/common/third_party_profile/jieli/rcsp/server/rcsp_data_recieve_no_respone.c.o
LOAD objs/apps/common/third_party_profile/jieli/rcsp/server/rcsp_data_respone.c.o
LOAD objs/apps/common/third_party_profile/jieli/trans_data_demo/le_trans_data.c.o
LOAD objs/apps/common/third_party_profile/jieli/trans_data_demo/spp_trans_data.c.o
LOAD objs/apps/common/third_party_profile/multi_protocol_common.c.o
LOAD objs/apps/common/third_party_profile/multi_protocol_event.c.o
LOAD objs/apps/common/third_party_profile/multi_protocol_main.c.o
LOAD objs/apps/common/third_party_profile/tuya_protocol/app/demo/tuya_app_func.c.o
LOAD objs/apps/common/third_party_profile/tuya_protocol/app/demo/tuya_ble_app_demo.c.o
LOAD objs/apps/common/third_party_profile/tuya_protocol/app/demo/tuya_ota.c.o
LOAD objs/apps/common/third_party_profile/tuya_protocol/app/product_test/tuya_ble_app_production_test.c.o
LOAD objs/apps/common/third_party_profile/tuya_protocol/app/uart_common/tuya_ble_app_uart_common_handler.c.o
LOAD objs/apps/common/third_party_profile/tuya_protocol/extern_components/mbedtls/aes.c.o
LOAD objs/apps/common/third_party_profile/tuya_protocol/extern_components/mbedtls/ccm.c.o
LOAD objs/apps/common/third_party_profile/tuya_protocol/extern_components/mbedtls/hmac.c.o
LOAD objs/apps/common/third_party_profile/tuya_protocol/extern_components/mbedtls/md5.c.o
LOAD objs/apps/common/third_party_profile/tuya_protocol/extern_components/mbedtls/sha1.c.o
LOAD objs/apps/common/third_party_profile/tuya_protocol/extern_components/mbedtls/sha256.c.o
LOAD objs/apps/common/third_party_profile/tuya_protocol/port/tuya_ble_port.c.o
LOAD objs/apps/common/third_party_profile/tuya_protocol/port/tuya_ble_port_JL.c.o
LOAD objs/apps/common/third_party_profile/tuya_protocol/port/tuya_ble_port_peripheral.c.o
LOAD objs/apps/common/third_party_profile/tuya_protocol/sdk/src/tuya_ble_api.c.o
LOAD objs/apps/common/third_party_profile/tuya_protocol/sdk/src/tuya_ble_bulk_data.c.o
LOAD objs/apps/common/third_party_profile/tuya_protocol/sdk/src/tuya_ble_data_handler.c.o
LOAD objs/apps/common/third_party_profile/tuya_protocol/sdk/src/tuya_ble_event.c.o
LOAD objs/apps/common/third_party_profile/tuya_protocol/sdk/src/tuya_ble_event_handler.c.o
LOAD objs/apps/common/third_party_profile/tuya_protocol/sdk/src/tuya_ble_event_handler_weak.c.o
LOAD objs/apps/common/third_party_profile/tuya_protocol/sdk/src/tuya_ble_feature_weather.c.o
LOAD objs/apps/common/third_party_profile/tuya_protocol/sdk/src/tuya_ble_gatt_send_queue.c.o
LOAD objs/apps/common/third_party_profile/tuya_protocol/sdk/src/tuya_ble_heap.c.o
LOAD objs/apps/common/third_party_profile/tuya_protocol/sdk/src/tuya_ble_main.c.o
LOAD objs/apps/common/third_party_profile/tuya_protocol/sdk/src/tuya_ble_mem.c.o
LOAD objs/apps/common/third_party_profile/tuya_protocol/sdk/src/tuya_ble_mutli_tsf_protocol.c.o
LOAD objs/apps/common/third_party_profile/tuya_protocol/sdk/src/tuya_ble_queue.c.o
LOAD objs/apps/common/third_party_profile/tuya_protocol/sdk/src/tuya_ble_storage.c.o
LOAD objs/apps/common/third_party_profile/tuya_protocol/sdk/src/tuya_ble_unix_time.c.o
LOAD objs/apps/common/third_party_profile/tuya_protocol/sdk/src/tuya_ble_utils.c.o
LOAD objs/apps/common/update/testbox_update.c.o
LOAD objs/apps/common/update/update.c.o
LOAD objs/apps/common/update/update_tws.c.o
LOAD objs/apps/common/update/update_tws_new.c.o
LOAD objs/apps/earphone/app_main.c.o
LOAD objs/apps/earphone/audio/jlstream_event_handler.c.o
LOAD objs/apps/earphone/audio/tone_table.c.o
LOAD objs/apps/earphone/audio/vol_sync.c.o
LOAD objs/apps/earphone/battery/battery_level.c.o
LOAD objs/apps/earphone/battery/charge.c.o
LOAD objs/apps/earphone/battery/charge_clibration.c.o
LOAD objs/apps/earphone/battery/charge_device_handle.c.o
LOAD objs/apps/earphone/battery/charge_store.c.o
LOAD objs/apps/earphone/ble/ble_adv.c.o
LOAD objs/apps/earphone/ble/bt_ble.c.o
LOAD objs/apps/earphone/board/adkey_config.c.o
LOAD objs/apps/earphone/board/br36/board_config.c.o
LOAD objs/apps/earphone/board/br36/charge_config.c.o
LOAD objs/apps/earphone/board/br36/chargestore_config.c.o
LOAD objs/apps/earphone/board/br36/gpio_config.c.o
LOAD objs/apps/earphone/board/br36/led_config.c.o
LOAD objs/apps/earphone/board/br36/lp_touch_key_config.c.o
LOAD objs/apps/earphone/board/br36/power_config.c.o
LOAD objs/apps/earphone/board/br36/sdk_config.c.o
LOAD objs/apps/earphone/board/iokey_config.c.o
LOAD objs/apps/earphone/demo/pbg_demo.c.o
LOAD objs/apps/earphone/demo/trans_data_demo.c.o
LOAD objs/apps/earphone/device_config.c.o
LOAD objs/apps/earphone/log_config/app_config.c.o
LOAD objs/apps/earphone/log_config/lib_btctrler_config.c.o
LOAD objs/apps/earphone/log_config/lib_btstack_config.c.o
LOAD objs/apps/earphone/log_config/lib_driver_config.c.o
LOAD objs/apps/earphone/log_config/lib_media_config.c.o
LOAD objs/apps/earphone/log_config/lib_system_config.c.o
LOAD objs/apps/earphone/log_config/lib_update_config.c.o
LOAD objs/apps/earphone/message/adapter/app_msg.c.o
LOAD objs/apps/earphone/message/adapter/audio_player.c.o
LOAD objs/apps/earphone/message/adapter/battery.c.o
LOAD objs/apps/earphone/message/adapter/btstack.c.o
LOAD objs/apps/earphone/message/adapter/driver.c.o
LOAD objs/apps/earphone/message/adapter/key.c.o
LOAD objs/apps/earphone/message/adapter/tws.c.o
LOAD objs/apps/earphone/mode/bt/bt_call_kws_handler.c.o
LOAD objs/apps/earphone/mode/bt/bt_slience_detect.c.o
LOAD objs/apps/earphone/mode/bt/bt_tws.c.o
LOAD objs/apps/earphone/mode/bt/earphone.c.o
LOAD objs/apps/earphone/mode/bt/key_msg_handler.c.o
LOAD objs/apps/earphone/mode/bt/kws_voice_event_deal.c.o
LOAD objs/apps/earphone/mode/bt/sniff.c.o
LOAD objs/apps/earphone/mode/bt/tone.c.o
LOAD objs/apps/earphone/mode/bt/tws_a2dp_play.c.o
LOAD objs/apps/earphone/mode/bt/tws_dual_conn.c.o
LOAD objs/apps/earphone/mode/bt/tws_phone_call.c.o
LOAD objs/apps/earphone/mode/bt/tws_poweroff.c.o
LOAD objs/apps/earphone/mode/default_msg_handler.c.o
LOAD objs/apps/earphone/mode/idle/idle.c.o
LOAD objs/apps/earphone/mode/key_tone.c.o
LOAD objs/apps/earphone/scene/adio_ability.c.o
LOAD objs/apps/earphone/scene/app_ability.c.o
LOAD objs/apps/earphone/scene/audio_ability.c.o
LOAD objs/apps/earphone/scene/battery_ability.c.o
LOAD objs/apps/earphone/scene/bt_ability.c.o
LOAD objs/apps/earphone/scene/counter_ability.c.o
LOAD objs/apps/earphone/scene/gpio_ability.c.o
LOAD objs/apps/earphone/scene/key_ability.c.o
LOAD objs/apps/earphone/scene/led_ability.c.o
LOAD objs/apps/earphone/scene/sys_timer_ability.c.o
LOAD objs/apps/earphone/scene/tone_ability.c.o
LOAD objs/apps/earphone/scene/tws_ability.c.o
LOAD objs/apps/earphone/test/rssi.c.o
LOAD objs/apps/earphone/third_part/app_protocol_deal.c.o
LOAD objs/apps/earphone/third_part/tuya/tuya_app.c.o
LOAD objs/apps/earphone/third_part/tuya/tuya_demo.c.o
LOAD objs/apps/earphone/tools/app_ancbox.c.o
LOAD objs/apps/earphone/tools/app_anctool.c.o
LOAD objs/apps/earphone/tools/app_key_dut.c.o
LOAD objs/apps/earphone/tools/app_testbox.c.o
LOAD objs/apps/earphone/ui/led/led_ui_manager.c.o
LOAD objs/apps/earphone/ui/led/led_ui_timer.c.o
LOAD objs/apps/earphone/ui/led/led_ui_tws_sync.c.o
LOAD objs/apps/earphone/ui/led/pwm_led_ui.c.o
LOAD objs/apps/earphone/user_cfg.c.o
LOAD objs/audio/CVP/audio_cvp.c.o
LOAD objs/audio/CVP/audio_cvp_3mic.c.o
LOAD objs/audio/CVP/audio_cvp_ais_3mic.c.o
LOAD objs/audio/CVP/audio_cvp_demo.c.o
LOAD objs/audio/CVP/audio_cvp_develop.c.o
LOAD objs/audio/CVP/audio_cvp_dms.c.o
LOAD objs/audio/CVP/audio_cvp_online.c.o
LOAD objs/audio/CVP/audio_cvp_ref_task.c.o
LOAD objs/audio/CVP/audio_cvp_sync.c.o
LOAD objs/audio/anc/audio_anc_fade_ctr.c.o
LOAD objs/audio/common/amplitude_statistic.c.o
LOAD objs/audio/common/audio_dvol.c.o
LOAD objs/audio/common/audio_export_demo.c.o
LOAD objs/audio/common/audio_general.c.o
LOAD objs/audio/common/audio_node_config.c.o
LOAD objs/audio/common/audio_noise_gate.c.o
LOAD objs/audio/common/audio_ns.c.o
LOAD objs/audio/common/audio_plc.c.o
LOAD objs/audio/common/audio_utils.c.o
LOAD objs/audio/common/bt_audio_energy_detection.c.o
LOAD objs/audio/common/decode/audio_key_tone.c.o
LOAD objs/audio/common/decode/decode.c.o
LOAD objs/audio/common/demo/audio_codec_demo.c.o
LOAD objs/audio/common/demo/audio_demo.c.o
LOAD objs/audio/common/frame_length_adaptive.c.o
LOAD objs/audio/common/online_debug/aud_data_export.c.o
LOAD objs/audio/common/online_debug/aud_mic_dut.c.o
LOAD objs/audio/common/online_debug/audio_capture.c.o
LOAD objs/audio/common/online_debug/audio_online_debug.c.o
LOAD objs/audio/common/uartPcmSender.c.o
LOAD objs/audio/common/wm8978/iic.c.o
LOAD objs/audio/common/wm8978/wm8978.c.o
LOAD objs/audio/cpu/br36/audio_accelerator/hw_fft.c.o
LOAD objs/audio/cpu/br36/audio_anc.c.o
LOAD objs/audio/cpu/br36/audio_config.c.o
LOAD objs/audio/cpu/br36/audio_dac_digital_volume.c.o
LOAD objs/audio/cpu/br36/audio_dai/audio_link.c.o
LOAD objs/audio/cpu/br36/audio_dai/audio_pdm.c.o
LOAD objs/audio/cpu/br36/audio_demo/audio_adc_demo.c.o
LOAD objs/audio/cpu/br36/audio_demo/audio_dac_demo.c.o
LOAD objs/audio/cpu/br36/audio_mic_capless.c.o
LOAD objs/audio/cpu/br36/audio_setup.c.o
LOAD objs/audio/cpu/br36/audio_volume_mixer.c.o
LOAD objs/audio/effect/audio_dc_offset_remove.c.o
LOAD objs/audio/effect/audio_voice_changer_api.c.o
LOAD objs/audio/effect/bass_treble.c.o
LOAD objs/audio/effect/demo/bass_treble_demo.c.o
LOAD objs/audio/effect/demo/drc_demo.c.o
LOAD objs/audio/effect/demo/dynamic_eq_demo.c.o
LOAD objs/audio/effect/demo/eq_demo.c.o
LOAD objs/audio/effect/demo/noisegate_demo.c.o
LOAD objs/audio/effect/demo/surround_demo.c.o
LOAD objs/audio/effect/demo/virtual_bass_demo.c.o
LOAD objs/audio/effect/demo/voice_changer_demo.c.o
LOAD objs/audio/effect/effects_adj.c.o
LOAD objs/audio/effect/effects_default_param.c.o
LOAD objs/audio/effect/eq_config.c.o
LOAD objs/audio/effect/esco_ul_voice_changer.c.o
LOAD objs/audio/effect/node_param_update.c.o
LOAD objs/audio/effect/spk_eq.c.o
LOAD objs/audio/framework/nodes/agc_node.c.o
LOAD objs/audio/framework/nodes/ai_tx_node.c.o
LOAD objs/audio/framework/nodes/channle_swap_node.c.o
LOAD objs/audio/framework/nodes/cvp_3mic_node.c.o
LOAD objs/audio/framework/nodes/cvp_develop_node.c.o
LOAD objs/audio/framework/nodes/cvp_dms_node.c.o
LOAD objs/audio/framework/nodes/cvp_sms_node.c.o
LOAD objs/audio/framework/nodes/effect_dev0_node.c.o
LOAD objs/audio/framework/nodes/effect_dev1_node.c.o
LOAD objs/audio/framework/nodes/effect_dev2_node.c.o
LOAD objs/audio/framework/nodes/effect_dev3_node.c.o
LOAD objs/audio/framework/nodes/effect_dev4_node.c.o
LOAD objs/audio/framework/nodes/esco_tx_node.c.o
LOAD objs/audio/framework/nodes/ns_node.c.o
LOAD objs/audio/framework/nodes/plc_node.c.o
LOAD objs/audio/framework/nodes/sink_dev0_node.c.o
LOAD objs/audio/framework/nodes/sink_dev1_node.c.o
LOAD objs/audio/framework/nodes/surround_demo_node.c.o
LOAD objs/audio/framework/nodes/uart_node.c.o
LOAD objs/audio/framework/nodes/volume_node.c.o
LOAD objs/audio/framework/plugs/source/a2dp_file.c.o
LOAD objs/audio/framework/plugs/source/a2dp_streamctrl.c.o
LOAD objs/audio/framework/plugs/source/adc_file.c.o
LOAD objs/audio/framework/plugs/source/esco_file.c.o
LOAD objs/audio/framework/plugs/source/pdm_mic_file.c.o
LOAD objs/audio/framework/plugs/source/source_dev0_file.c.o
LOAD objs/audio/framework/plugs/source/source_dev1_file.c.o
LOAD objs/audio/interface/player/a2dp_player.c.o
LOAD objs/audio/interface/player/dev_flow_player.c.o
LOAD objs/audio/interface/player/esco_player.c.o
LOAD objs/audio/interface/player/key_tone_player.c.o
LOAD objs/audio/interface/player/reference_time.c.o
LOAD objs/audio/interface/player/ring_player.c.o
LOAD objs/audio/interface/player/tone_player.c.o
LOAD objs/audio/interface/player/tws_tone_player.c.o
LOAD objs/audio/interface/recoder/ai_voice_recoder.c.o
LOAD objs/audio/interface/recoder/dev_flow_recoder.c.o
LOAD objs/audio/interface/recoder/esco_recoder.c.o
LOAD objs/audio/jl_kws/jl_kws_algo.c.o
LOAD objs/audio/jl_kws/jl_kws_audio.c.o
LOAD objs/audio/jl_kws/jl_kws_event.c.o
LOAD objs/audio/jl_kws/jl_kws_main.c.o
LOAD objs/audio/smart_voice/jl_kws_platform.c.o
LOAD objs/audio/smart_voice/kws_event.c.o
LOAD objs/audio/smart_voice/nn_vad.c.o
LOAD objs/audio/smart_voice/smart_voice_config.c.o
LOAD objs/audio/smart_voice/smart_voice_core.c.o
LOAD objs/audio/smart_voice/user_asr.c.o
LOAD objs/audio/smart_voice/voice_mic_data.c.o
LOAD objs/audio/test_tools/audio_dut_control.c.o
LOAD objs/audio/test_tools/audio_dut_control_old.c.o
LOAD objs/audio/test_tools/audio_enc_mpt_cvp_ctr.c.o
LOAD objs/audio/test_tools/audio_enc_mpt_self.c.o
LOAD objs/audio/test_tools/cvp_tool.c.o
LOAD objs/audio/test_tools/mic_dut_process.c.o
LOAD objs/cpu/br36/charge/charge.c.o
LOAD objs/cpu/br36/charge/charge_calibration.c.o
LOAD objs/cpu/br36/charge/chargestore.c.o
LOAD objs/cpu/br36/overlay_code.c.o
LOAD objs/cpu/br36/periph/gpadc.c.o
LOAD objs/cpu/br36/periph/irflt.c.o
LOAD objs/cpu/br36/periph/ledc.c.o
LOAD objs/cpu/br36/periph/pwm_led_hw.c.o
LOAD objs/cpu/br36/periph/rdec.c.o
LOAD objs/cpu/br36/periph/spi.c.o
LOAD objs/cpu/br36/periph/touch/lp_touch_key.c.o
LOAD objs/cpu/br36/periph/touch/lp_touch_key_alog.c.o
LOAD objs/cpu/br36/periph/touch/lp_touch_key_tool.c.o
LOAD objs/cpu/br36/periph/touch/plcnt.c.o
LOAD objs/cpu/br36/setup.c.o
LOAD objs/cpu/components/gpadc_utils.c.o
LOAD objs/cpu/components/iic_api.c.o
LOAD objs/cpu/components/iic_soft.c.o
LOAD objs/cpu/config/gpio_file_parse.c.o
LOAD objs/cpu/periph_demo/iic_master_demo.c.o
LOAD objs/cpu/periph_demo/iic_slave_demo.c.o
LOAD objs/cpu/periph_demo/ledc_test.c.o
LOAD objs/cpu/periph_demo/sd_test.c.o
LOAD objs/cpu/periph_demo/spi_test.c.o
LOAD objs/cpu/periph_demo/timer_demo.c.o
LOAD objs/cpu/periph_demo/uart_test.c.o
LOAD objs/apps/earphone/sdk_version.z.S.o
START GROUP
LOAD cpu/br36/liba/cpu.a
LOAD cpu/br36/liba/system.a
LOAD cpu/br36/liba/btstack.a
LOAD cpu/br36/liba/btctrler.a
LOAD cpu/br36/liba/aec.a
LOAD cpu/br36/liba/media.a
LOAD cpu/br36/liba/libAptFilt_pi32v2_OnChip.a
LOAD cpu/br36/liba/libEchoSuppress_pi32v2_OnChip.a
LOAD cpu/br36/liba/libNoiseSuppress_pi32v2_OnChip.a
LOAD cpu/br36/liba/libSplittingFilter_pi32v2_OnChip.a
LOAD cpu/br36/liba/libDelayEstimate_pi32v2_OnChip.a
LOAD cpu/br36/liba/libDualMicSystem_pi32v2_OnChip.a
LOAD cpu/br36/liba/libDualMicSystem_flexible_pi32v2_OnChip.a
LOAD cpu/br36/liba/libOpcore_maskrom_pi32v2_OnChip.a
LOAD cpu/br36/liba/lib_resample_cal.a
LOAD cpu/br36/liba/lib_resample_fast_cal.a
LOAD cpu/br36/liba/sbc_eng_lib.a
LOAD cpu/br36/liba/lib_esco_repair.a
LOAD cpu/br36/liba/limiter_noiseGate.a
LOAD cpu/br36/liba/noisegate.a
LOAD cpu/br36/liba/agreement.a
LOAD cpu/br36/liba/bt_hash_enc.a
LOAD cpu/br36/liba/rcsp_stack.a
LOAD cpu/br36/liba/lib_wma_dec.a
LOAD cpu/br36/liba/lib_mp3_dec.a
LOAD cpu/br36/liba/lib_flac_dec.a
LOAD cpu/br36/liba/lib_wav_dec.a
LOAD cpu/br36/liba/lib_f2a_dec.a
LOAD cpu/br36/liba/lib_wtgv2_dec.a
LOAD cpu/br36/liba/lib_mty_dec.a
LOAD cpu/br36/liba/lib_ape_dec.a
LOAD cpu/br36/liba/lib_m4a_dec.a
LOAD cpu/br36/liba/lib_amr_dec.a
LOAD cpu/br36/liba/lib_dts_dec.a
LOAD cpu/br36/liba/dueros_stack.a
LOAD cpu/br36/liba/opus_enc_lib.a
LOAD cpu/br36/liba/speex_enc_lib.a
LOAD cpu/br36/liba/lc3_codec_lib.a
LOAD cpu/br36/liba/msbc_codec_lib.a
LOAD cpu/br36/liba/lfaudio_plc_lib.a
LOAD cpu/br36/liba/crossover_coff.a
LOAD cpu/br36/liba/drc.a
LOAD cpu/br36/liba/lib_voiceChanger.a
LOAD cpu/br36/liba/VirtualBass.a
LOAD cpu/br36/liba/tme_stack.a
LOAD cpu/br36/liba/gma_stack.a
LOAD cpu/br36/liba/google_fps.a
LOAD cpu/br36/liba/realme_stack.a
LOAD cpu/br36/liba/JL_Phone_Call.a
LOAD cpu/br36/liba/lib_dvad.a
LOAD cpu/br36/liba/libkwscommon.a
LOAD cpu/br36/liba/libjlsp_kws.a
LOAD cpu/br36/liba/libjlsp_kws_india_english.a
LOAD cpu/br36/liba/libjlsp.a
LOAD cpu/br36/liba/DynamicEQ.a
LOAD cpu/br36/liba/libFFT_pi32v2_OnChip.a
LOAD cpu/br36/liba/lib_wtg_dec.a
LOAD cpu/br36/liba/lib_bt_aac_dec.a
LOAD cpu/br36/liba/crypto_toolbox_Osize.a
LOAD apps/common/third_party_profile/tuya_protocol/sdk/lib/libtuya_lib.a
LOAD cpu/br36/liba/lib_dns.a
LOAD cpu/br36/liba/update.a
LOAD cpu/br36/liba/cbuf.a
LOAD cpu/br36/liba/lbuf.a
LOAD cpu/br36/liba/printf.a
LOAD cpu/br36/liba/device.a
LOAD cpu/br36/liba/fs.a
LOAD cpu/br36/liba/ascii.a
LOAD cpu/br36/liba/cfg_tool.a
LOAD cpu/br36/liba/vm.a
END GROUP
                0x0010fe00                local_irq_enable = 0x10fe00
                0x0010fe04                local_irq_disable = 0x10fe04
                0x0010fe08                lp_signature_set = 0x10fe08
                0x0010fe0c                memmem = 0x10fe0c
                0x0010fe10                memcpy = 0x10fe10
                0x0010fe14                memmove = 0x10fe14
                0x0010fe18                memcmp = 0x10fe18
                0x0010fe1c                memset = 0x10fe1c
                0x0010fe20                strcmp = 0x10fe20
                0x0010fe24                strcpy = 0x10fe24
                0x0010fe28                strlen = 0x10fe28
                0x0010fe2c                strncmp = 0x10fe2c
                0x0010fe30                strstr = 0x10fe30
                0x0010fe34                strchr = 0x10fe34
                0x0010fe38                os_init = 0x10fe38
                0x0010fe3c                os_start = 0x10fe3c
                0x0010fe40                os_get_curr_tcb_var = 0x10fe40
                0x0010fe44                os_task_create_rom = 0x10fe44
                0x0010fe48                os_current_task_rom = 0x10fe48
                0x0010fe4c                os_time_dly = 0x10fe4c
                0x0010fe50                os_time_get = 0x10fe50
                0x0010fe54                os_task_del_req = 0x10fe54
                0x0010fe58                os_task_del_res = 0x10fe58
                0x0010fe5c                os_task_del = 0x10fe5c
                0x0010fe60                __os_taskq_pend = 0x10fe60
                0x0010fe64                os_taskq_pend = 0x10fe64
                0x0010fe68                os_task_pend = 0x10fe68
                0x0010fe6c                __os_taskq_post = 0x10fe6c
                0x0010fe70                os_taskq_post = 0x10fe70
                0x0010fe74                __os_taskq_post_type = 0x10fe74
                0x0010fe78                os_taskq_flush = 0x10fe78
                0x0010fe7c                task_queue_post_event = 0x10fe7c
                0x0010fe80                os_taskq_post_msg = 0x10fe80
                0x0010fe84                os_taskq_post_event = 0x10fe84
                0x0010fe88                os_taskq_accept = 0x10fe88
                0x0010fe8c                os_taskq_del = 0x10fe8c
                0x0010fe90                os_taskq_del_type = 0x10fe90
                0x0010fe94                os_sem_create = 0x10fe94
                0x0010fe98                os_sem_del = 0x10fe98
                0x0010fe9c                os_sem_pend = 0x10fe9c
                0x0010fea0                os_sem_post = 0x10fea0
                0x0010fea4                os_sem_set = 0x10fea4
                0x0010fea8                os_sem_valid = 0x10fea8
                0x0010feac                os_sem_query = 0x10feac
                0x0010feb0                os_mutex_create = 0x10feb0
                0x0010feb4                os_mutex_del = 0x10feb4
                0x0010feb8                os_mutex_pend = 0x10feb8
                0x0010febc                os_mutex_post = 0x10febc
                0x0010fec0                os_mutex_valid = 0x10fec0
                0x0010fec4                xTaskCreate = 0x10fec4
                0x0010fec8                xTaskGetCurrentTaskHandle = 0x10fec8
                0x0010fecc                xTaskGetTickCount = 0x10fecc
                0x0010fed0                xTaskGetHandle = 0x10fed0
                0x0010fed4                vTaskDelete = 0x10fed4
                0x0010fed8                xTaskGetApplicationTaskTag = 0x10fed8
                0x0010fedc                vTaskSetApplicationTaskTag = 0x10fedc
                0x0010fee0                xQueueGenericCreateStatic = 0x10fee0
                0x0010fee4                xQueueGenericReset = 0x10fee4
                0x0010fee8                xQueueGenericSend = 0x10fee8
                0x0010feec                xQueueGenericSendFromISR = 0x10feec
                0x0010fef0                xQueueGenericReceive = 0x10fef0
                0x0010fef4                xQueueReceiveFromISR = 0x10fef4
                0x0010fef8                vQueueDelete = 0x10fef8
                0x0010fefc                uxQueueMessagesWaiting = 0x10fefc
                0x0010ff00                uxQueueMessagesWaitingFromISR = 0x10ff00
                0x0010ff04                uxQueueSpacesAvailable = 0x10ff04
                0x0010ff08                pcTaskGetName = 0x10ff08
                0x0010ff0c                prvGetExpectedIdleTime = 0x10ff0c
                0x0010ff10                eTaskConfirmSleepModeStatus = 0x10ff10
                0x0010ff14                vTaskStepTick = 0x10ff14
                0x0010ff18                pxPortInitialiseStack = 0x10ff18
                0x0010ff1c                xPortStartScheduler = 0x10ff1c
                0x0010ff20                vPortEndScheduler = 0x10ff20
                0x0010ff24                vPortYield = 0x10ff24
                0x0010ff28                vPortExitCritical = 0x10ff28
                0x0010ff2c                OS_ClrPending = 0x10ff2c
                0x0010ff30                vTickISR = 0x10ff30
                0x0010ff34                pmalloc_init = 0x10ff34
                0x0010ff38                pmalloc = 0x10ff38
                0x0010ff3c                pfree = 0x10ff3c
                0x0010ff40                pmalloc_get_unused_pages = 0x10ff40
                0x0010ff44                get_physic_address = 0x10ff44
                0x0010ff48                pmm_get_var = 0x10ff48
                0x0010ff4c                vmm_init_ = 0x10ff4c
                0x0010ff50                vmalloc_ = 0x10ff50
                0x0010ff54                vfree_ = 0x10ff54
                0x0010ff58                vmem_get_phy_adr = 0x10ff58
                0x0010ff5c                vmem_start = 0x10ff5c
                0x0010ff60                vmem_end = 0x10ff60
                0x0010ff64                vmm_get_var = 0x10ff64
                0x0010ff68                vmalloc_v2 = 0x10ff68
                0x0010ff6c                vfree_v2 = 0x10ff6c
                0x0010ff70                vcopy_ = 0x10ff70
                0x0010ff74                IcuCmdKst = 0x10ff74
                0x0010ff78                DcuCmdKst = 0x10ff78
                0x0010ff7c                IcuCmdSend = 0x10ff7c
                0x0010ff80                DcuCmdSend = 0x10ff80
                0x0010ff84                flush_dcache = 0x10ff84
                0x0010ff88                flushinv_dcache = 0x10ff88
                0x0010ff90                sfc_resume = 0x10ff90
                0x0010ff94                sfc_drop_cache = 0x10ff94
                0x0010ff98                chip_crc16 = 0x10ff98
                0x0010ff9c                CrcDecode = 0x10ff9c
                0x0010ffa0                mask_init = 0x10ffa0
                0x0010ffa4                wdt_clr = 0x10ffa4
                0x0010ffa8                nvram_set_boot_state = 0x10ffa8
                0x0010ffac                chip_reset = 0x10ffac
                0x0010ffb0                the_debug_isr = 0x10ffb0
                0x0010ffb4                printf = 0x10ffb4
                0x0010ffb8                puts = 0x10ffb8
                0x0010ffbc                doe = 0x10ffbc
                0x0010ffc0                spi_get_port = 0x10ffc0
                0x0010ffc4                _pll_init = 0x10ffc4
                0x0010ffc8                flash_poweron = 0x10ffc8
                0x0010ffcc                spi_unmount = 0x10ffcc
                0x0010ffd0                spi_port_io_init = 0x10ffd0
                0x0010ffd4                LZ4_setStreamDecode = 0x10ffd4
                0x0010ffd8                LZ4_decompress_safe_continue = 0x10ffd8
                0x0010ffdc                LZ4_decompress_generic = 0x10ffdc
                0x0010ffe0                _sdk_mkey_lock = 0x10ffe0
                0x0010ffe4                get_cvsd_codec_ops = 0x10ffe4
                0x0010ffe8                B_fir_cal_s = 0x10ffe8
                0x0010ffec                B_array_vol = 0x10ffec
                0x0010fff0                B_Syn_filt = 0x10fff0
                0x0010fff4                B_Residu = 0x10fff4
                0x0010fff8                B_comput_correlataionS = 0x10fff8
                0x0010fffc                B_iircal = 0x10fffc
                0x001085b0                mdct_tab_256 = 0x1085b0
                0x001087b0                mdct_tab_2048 = 0x1087b0
                0x001097b0                sine_long_1024 = 0x1097b0
                0x0010a7b0                sine_short_128 = 0x10a7b0
                0x0010a9b0                kbd_long_1024 = 0x10a9b0
                0x0010b9b0                kbd_short_128 = 0x10b9b0
                0x0010bbb0                Huffmancb_SCL = 0x10bbb0
                0x0010bdc0                num_swb_960_window = 0x10bdc0
                0x0010bdcc                num_swb_1024_window = 0x10bdcc
                0x0010bdd8                num_swb_128_window = 0x10bdd8
                0x0010bde4                swb_offset_1024_96 = 0x10bde4
                0x0010be38                swb_offset_128_96 = 0x10be38
                0x0010be52                swb_offset_1024_64 = 0x10be52
                0x0010beb2                swb_offset_128_64 = 0x10beb2
                0x0010becc                swb_offset_1024_48 = 0x10becc
                0x0010bf30                swb_offset_128_48 = 0x10bf30
                0x0010bf4e                swb_offset_1024_32 = 0x10bf4e
                0x0010bfb6                swb_offset_1024_24 = 0x10bfb6
                0x0010c016                swb_offset_128_24 = 0x10c016
                0x0010c036                swb_offset_1024_16 = 0x10c036
                0x0010c08e                swb_offset_128_16 = 0x10c08e
                0x0010c0ae                swb_offset_1024_8 = 0x10c0ae
                0x0010c100                swb_offset_128_8 = 0x10c100
                0x0010c120                swb_offset_1024_window = 0x10c120
                0x0010c150                swb_offset_128_window = 0x10c150
                0x0010c180                iq_table = 0x10c180
                0x0010c584                tns_coef_0_3 = 0x10c584
                0x0010c5c4                tns_coef_0_4 = 0x10c5c4
                0x0010c604                tns_coef_1_3 = 0x10c604
                0x0010c644                tns_coef_1_4 = 0x10c644
                0x0010c684                pow05_table = 0x10c684
                0x0010c6a0                sample_rates = 0x10c6a0
                0x0010c6d0                pred_sfb_max = 0x10c6d0
                0x0010c6dc                tns_sbf_max = 0x10c6dc
                0x0010c71c                Huffmancb_1 = 0x10c71c
                0x0010c8b4                Huffmancb_2 = 0x10c8b4
                0x0010c9ec                Huffmancb_3 = 0x10c9ec
                0x0010cb24                Huffmancb_4 = 0x10cb24
                0x0010cc54                Huffmancb_5 = 0x10cc54
                0x0010cd9c                Huffmancb_6 = 0x10cd9c
                0x0010cedc                Huffmancb_7 = 0x10cedc
                0x0010cfd4                Huffmancb_8 = 0x10cfd4
                0x0010d0cc                Huffmancb_9 = 0x10d0cc
                0x0010d36c                Huffmancb_10 = 0x10d36c
                0x0010d5fc                Huffmancb_11 = 0x10d5fc
                0x0010dabc                AACcodeBookDTable = 0x10dabc
                0x0010bdb8                AAC_SFHUFF_TAB = 0x10bdb8
                0x00103804                STFT_Win_FixHalf_M512_D160 = 0x103804
                0x00103c04                STFT_Win_FixHalf_M256_D160 = 0x103c04
                0x00103e04                STFT_Win_FixHalf_M256_D80 = 0x103e04
                0x00104004                STFT_Win_FixHalf_M128_D80 = 0x104004
                0x00100004                WOLAAnalysisFilter_Float_M64_m4_r1 = 0x100004
                0x00100404                WOLASynthesisFilter_Float_M64_m4_r1 = 0x100404
                0x00100804                WOLAAnalysisFilter_Float_M128_m4_r1 = 0x100804
                0x00101004                WOLASynthesisFilter_Float_M128_m4_r1 = 0x101004
                0x00101804                WOLAAnalysisFilter_Float_M256_m4_r1 = 0x101804
                0x00102804                WOLASynthesisFilter_Float_M256_m4_r1 = 0x102804
                0x0010db24                quantize_intervals_LF = 0x10db24
                0x0010dc28                invert_quantize_dither_factors_LF = 0x10dc28
                0x0010dd2c                quantize_dither_factors_LF = 0x10dd2c
                0x0010de30                quantize_factor_select_offset_LF = 0x10de30
                0x0010deb4                hd_quantize_intervals_LF = 0x10deb4
                0x00104104                sf_sin_tab1 = 0x104104
                0x0002bc04                boot_arg_list = 0x2bc04
                0x0002bf00                _IRQ_MEM_ADDR = 0x2bf00
                0x0002bbe0                _MASK_MEM_BEGIN = 0x2bbe0
                0x0000030c                _MASK_MEM_SIZE = 0x30c
                0x00000080                UPDATA_SIZE = 0x80
                0x0002bb60                UPDATA_BEG = (_MASK_MEM_BEGIN - UPDATA_SIZE)
                0x0002c000                UPDATA_BREDR_BASE_BEG = 0x2c000
                0x00000000                RAM_LIMIT_L = 0x0
                0x0002bb60                RAM_LIMIT_H = UPDATA_BEG
                0x0002bb60                PHY_RAM_SIZE = (RAM_LIMIT_H - RAM_LIMIT_L)
                0x0002bf00                ISR_BASE = _IRQ_MEM_ADDR
                0x0000030c                ROM_RAM_SIZE = _MASK_MEM_SIZE
                0x0002bbe0                ROM_RAM_BEG = _MASK_MEM_BEGIN
                0x00000000                RAM0_BEG = RAM_LIMIT_L
                0x0002bb60                RAM0_END = RAM_LIMIT_H
                0x0002bb60                RAM0_SIZE = (RAM0_END - RAM0_BEG)
                0x01e00100                CODE_BEG = 0x1e00100
                0x00000000                . = ORIGIN (ram0)

.mmu_tlb        0x00000000     0x1600
 *(.mmu_tlb_segment)
 .mmu_tlb_segment
                0x00000000     0x1600 cpu/br36/tools/sdk.elf.o

.boot_info      0x00001600       0x40
 *(.boot_info)
 .boot_info     0x00001600       0x28 cpu/br36/tools/sdk.elf.o
                0x00001640                . = ALIGN (0x20)
 *fill*         0x00001628       0x18 

.irq_stack      0x00001640      0x820
 *(.stack_magic)
 .stack_magic   0x00001640       0x10 cpu/br36/tools/sdk.elf.o
                0x00001640                stack_magic
                0x00001650                _cpu0_sstack_begin = .
                [!provide]                PROVIDE (cpu0_sstack_begin, .)
 *(.stack)
 .stack         0x00001650      0x800 cpu/br36/liba/cpu.a(startup.S.o)
                0x00001e50                _stack
                0x00001e50                _cpu0_sstack_end = .
                [!provide]                PROVIDE (cpu0_sstack_end, .)
                0x00001e50                _stack_end = .
 *(.stack_magic0)
 .stack_magic0  0x00001e50       0x10 cpu/br36/tools/sdk.elf.o
                0x00001e50                stack_magic0
                0x00001e60                . = ALIGN (0x4)

.data           0x00001e60      0x880
                0x00001e60                . = ALIGN (0x4)
 *(.data_magic)
 .data_magic    0x00001e60       0x40 cpu/br36/tools/sdk.elf.o
                0x00001e60                data_magic
 *(.data*)
 .data          0x00001ea0      0x394 cpu/br36/tools/sdk.elf.o
                0x00001fb4                jiffies
 .data          0x00002234        0x4 C:/JL/pi32/pi32v2-lib/r3/libc.a(lib_a-ctype_.o)
                0x00002234                __ctype_ptr__
 *(.*.data)
 .power_reset.data
                0x00002238        0x4 cpu/br36/tools/sdk.elf.o
 .power_wakeup.data
                0x0000223c        0x8 cpu/br36/tools/sdk.elf.o
 .power_driver.data
                0x00002244       0x10 cpu/br36/tools/sdk.elf.o
 .lmp.data      0x00002254       0xd4 cpu/br36/tools/sdk.elf.o
 .hci_controller.data
                0x00002328       0xbe cpu/br36/tools/sdk.elf.o
 *fill*         0x000023e6        0x2 
 .ble_ll.data   0x000023e8       0x10 cpu/br36/tools/sdk.elf.o
 .ble_hci.data  0x000023f8       0xad cpu/br36/tools/sdk.elf.o
 *fill*         0x000024a5        0x3 
 .ble_rf.data   0x000024a8       0x38 cpu/br36/tools/sdk.elf.o
 .eq.data       0x000024e0       0x30 cpu/br36/tools/sdk.elf.o
 .hw_eq.data    0x00002510       0x18 cpu/br36/tools/sdk.elf.o
                0x00002528                . = ALIGN (0x4)
                0x00002528                __a2dp_movable_slot_start = .
 *(.movable.slot.1)
                0x00002528                __a2dp_movable_slot_end = .
                0x00002528                . = ALIGN (0x4)
                0x00002528                app_mode_begin = .
 *(.app_mode)
 .app_mode      0x00002528       0x20 cpu/br36/tools/sdk.elf.o
                0x00002528                __bt_mode
                0x00002538                __idle_mode
                0x00002548                app_mode_end = .
                0x00002548                . = ALIGN (0x4)
                0x00002548                audio_sync_data_begin = .
 *(.audio_sync_data)
 .audio_sync_data
                0x00002548        0x8 cpu/br36/tools/sdk.elf.o
                0x00002550                audio_sync_data_end = .
                0x00002550                . = ALIGN (0x4)
 *(.mp3_dec.data)
 *(.mp3.data)
 *(.wma_dec.data)
 *(.wma.data)
 *(.wav_dec.data)
 *(.wav.data)
 *(.flac_dec.data)
 *(.flac.data)
 *(.mp3tsy_dec.data)
 *(.mty.data)
 *(.f2a_dec.data)
 *(.f2a.data)
 *(.sbc_data)
 *(.msbc_data)
 *(.cvsd_data)
 .cvsd_data     0x00002550       0x10 cpu/br36/tools/sdk.elf.o
 *(.bt_aac_dec.data)
 *(.aac.data)
 *(.aptx_dec.data)
 *(.ldac_dec.data)
 *(.sbc_eng_data)
 *(.bt_audioplc_data)
 *(.lc3_decoder_data)
 *(.wtg_dec.data)
 *(.g729.data)
 *(.wtgv2_dec.data)
 *(.wts.data)
 *(.dts_dec.data)
 *(.dts.data)
 *(.m4a_dec.data)
 *(.m4a.data)
 *(.alac.data)
 *(.amr_dec.data)
 *(.amr.data)
 *(.anc_data)
 *(.anc_core_data)
 *(.anc_user_data)
 *(.anc_box_data)
 *(.anc_btspp_data)
 *(.anc_debug_data)
 *(.ape_dec.data)
 *(.ape.data)
 *(.audio_track_data)
 *(.audio_eq_data)
 *(.audio_drc_data)
 *(.audio_vbass_data)
 *(.audio_surround_data)
 *(.audio_pitch_data)
 *(.audio_pitchspeed_data)
 *(.pitchshifter_data)
 *(.audio_noisegate_data)
 *(.howlings_phf_data)
 *(.audio_reverb_data)
 *(.audio_echo_data)
                0x00002560                audio_cvp_data_begin = .
 *(.jlsp_aec_data)
 *(.jlsp_nlp_data)
 *(.jlsp_dns_data)
 *(.jlsp_enc_data)
 *(.jlsp_prep_data)
 *(.jlsp_wn_data)
 *(.sms_data)
 *(.dms_data)
 *(.data._*)
 *(.aec_data)
 .aec_data      0x00002560       0x50 cpu/br36/tools/sdk.elf.o
 *(.res_data)
 *(.ns_data)
 *(.jlsp_data)
 *(.nlp_data)
 *(.der_data)
 *(.qmf_data)
 *(.fft_data)
 *(.aec_mux)
                0x000025b0                audio_cvp_data_end = .
                0x00000050                audio_cvp_data_size = (audio_cvp_data_end - audio_cvp_data_begin)
                0x000025b0                . = ALIGN (0x4)
                0x000025b0                . = ALIGN (0x4)
                0x000025b0                _static_hi_timer_begin = .
                [!provide]                PROVIDE (static_hi_timer_begin, .)
 *(.hi_timer)
                0x000025b0                _static_hi_timer_end = .
                [!provide]                PROVIDE (static_hi_timer_end, .)
                0x000025b0                . = ALIGN (0x4)
                0x000025b0                _sys_cpu_timer_begin = .
                [!provide]                PROVIDE (sys_cpu_timer_begin, .)
 *(.sys_cpu_timer)
                0x000025b0                _sys_cpu_timer_end = .
                [!provide]                PROVIDE (sys_cpu_timer_end, .)
                0x000025b0                . = ALIGN (0x4)
 *(.crypto_ecdh_data)
 *(.crypto_data)
 *(.uECC_data)
 *(.ECDH_sample_data)
                0x000025b0                . = ALIGN (0x4)
                0x000025b0                btstack_data_start = .
 *(.bt_stack_data)
 .bt_stack_data
                0x000025b0      0x11c cpu/br36/tools/sdk.elf.o
 *(.ble_db_data)
 *(.ble_sm_data)
 *(.ble_att_data)
 *(.ble_gatt_data)
                0x000026cc                BTSTACK_LE_HOST_MESH_DATA_START = .
                0x000026cc                . = ((. + 0x3) & 0xfffffffc)
                0x000026cc                _net_buf_pool_list = .
 *(._net_buf_pool.static.*)
 *(.ble_mesh_data)
 *(.ble_mesh_tinycrypt_data)
                0x00000000                BTSTACK_LE_HOST_MESH_DATA_SIZE = ABSOLUTE ((. - BTSTACK_LE_HOST_MESH_DATA_START))
                0x000026cc                btstack_data_end = .
                0x000026cc                update_data_start = .
                0x000026cc                update_data_end = .
                0x000026cc                driver_data_start = .
                0x000026cc                CLOCK_DATA_START = .
 *(.clock_data)
                0x00000000                CLOCK_DATA_SIZE = ABSOLUTE ((. - CLOCK_DATA_START))
 *(.debug_data)
 *(.uart_data)
                0x000026cc                driver_data_end = .
                0x000026e0                . = ALIGN (0x20)
 *fill*         0x000026cc       0x14 
                0x000026e0                utils_data_start = .
 *(.utils_data)
                0x000026e0                utils_data_end = .
                0x000026e0                . = ALIGN (0x4)

.bss            0x000026e0     0x43ac
                0x000026e0                . = ALIGN (0x4)
                0x000026e0                . = ALIGN (0x4)
 *(.bss)
 .bss           0x000026e0     0x2e60 cpu/br36/tools/sdk.elf.o
                0x000032f0                CurrentTCB
                0x000032f4                highCurrentTCB
 *(.*.data.bss)
 .uart.data.bss
                0x00005540       0x9c cpu/br36/tools/sdk.elf.o
 .power_driver.data.bss
                0x000055dc       0xc4 cpu/br36/tools/sdk.elf.o
 .power_reset.data.bss
                0x000056a0      0x34d cpu/br36/tools/sdk.elf.o
 *fill*         0x000059ed        0x3 
 .power_wakeup.data.bss
                0x000059f0       0xbc cpu/br36/tools/sdk.elf.o
 .bt_rf.data.bss
                0x00005aac       0xa6 cpu/br36/tools/sdk.elf.o
 *fill*         0x00005b52        0x2 
 .lmp.data.bss  0x00005b54      0x430 cpu/br36/tools/sdk.elf.o
 .classic_bd_base.data.bss
                0x00005f84       0x38 cpu/br36/tools/sdk.elf.o
                0x00005f84                bd_base
 .classic.data.bss
                0x00005fbc        0xc cpu/br36/tools/sdk.elf.o
 .hci_controller.data.bss
                0x00005fc8       0x38 cpu/br36/tools/sdk.elf.o
 .ble_ll.data.bss
                0x00006000      0x283 cpu/br36/tools/sdk.elf.o
 *fill*         0x00006283        0x1 
 .ble_hci.data.bss
                0x00006284       0x9c cpu/br36/tools/sdk.elf.o
 .ble_rf.data.bss
                0x00006320        0xa cpu/br36/tools/sdk.elf.o
                0x0000632c                . = ALIGN (0x4)
 *fill*         0x0000632a        0x2 
 *(.*.data.bss.nv)
                0x0000632c                . = ALIGN (0x4)
                0x0000632c                . = ALIGN (0x4)
                0x0000632c                audio_sync_bss_begin = .
 *(.audio_sync_bss)
                0x0000632c                audio_sync_bss_end = .
                0x0000632c                . = ALIGN (0x4)
 *(.jlsp_bss)
 *(.mp3_dec.data.bss)
 *(.mp3.data.bss)
 *(.mp3tsy.data.bss)
 *(.mty.data.bss)
 *(.flac_dec.data.bss)
 *(.flac.data.bss)
 *(.der_bss)
 *(.wma_dec.data.bss)
 *(.wma.data.bss)
 *(.wav.data.bss)
 *(.wav_dec.data.bss)
 *(.f2a_dec.data.bss)
 *(.f2a.data.bss)
 *(.cvsd_bss)
 .cvsd_bss      0x0000632c       0x80 cpu/br36/tools/sdk.elf.o
 *(.bt_aac_dec.data.bss)
 *(.btaac_ron_dec.data.bss)
 *(.aac.data.bss)
 *(.aptx_dec.data.bss)
 *(.ldac_dec.data.bss)
 *(.sbc_eng_bss)
 *(.bt_audioplc_bss)
 *(.lc3_decoder_bss)
 *(.wtg_dec.data.bss)
 *(.g729.data.bss)
 *(.wtgv2_dec.data.bss)
 *(.wts.data.bss)
 *(.dts_dec.data.bss)
 *(.dts.data.bss)
 *(.anc_bss)
 *(.anc_core_bss)
 *(.anc_user_bss)
 *(.anc_box_bss)
 *(.anc_btspp_bss)
 *(.anc_debug_bss)
 *(.ape_dec.data.bss)
 *(.ape.data.bss)
 *(.amr_dec.data.bss)
 *(.amr.data.bss)
 *(.m4a_dec.data.bss)
 *(.m4a.data.bss)
 *(.alac.data.bss)
 *(.audio_track_bss)
                0x000063ac                . = ALIGN (0x4)
 *(.volatile_ram)
 *(.btstack_pool)
                0x000063b0                . = ALIGN (0x8)
 *fill*         0x000063ac        0x4 
 *(.audio_buf)
 *(.src_filt)
 *(.src_dma)
 *(.mem_heap)
 *(.memp_memory_x)
                0x000063b0                . = ALIGN (0x4)
 *(.usb.data.bss.exchange)
                0x000063b0                . = ALIGN (0x4)
 *(.non_volatile_ram)
 *(.uECC_bss)
 *(.ECDH_sample_bss)
                0x000063c0                . = ALIGN (0x20)
 *fill*         0x000063b0       0x10 
                0x000063c0                btstack_bss_start = .
 *(.bt_stack_bss)
 .bt_stack_bss  0x000063c0      0x48e cpu/br36/tools/sdk.elf.o
 *(.ble_db_bss)
 *(.ble_sm_bss)
 *(.ble_att_bss)
 *fill*         0x0000684e        0x2 
 .ble_att_bss   0x00006850       0x40 cpu/br36/tools/sdk.elf.o
 *(.ble_gatt_bss)
 .ble_gatt_bss  0x00006890       0x18 cpu/br36/tools/sdk.elf.o
 *(.btstack_pool)
                0x000068a8                BTSTACK_LE_HOST_MESH_BSS_START = .
 *(.ble_mesh_bss)
 *(.ble_mesh_tinycrypt_bss)
                0x00000000                BTSTACK_LE_HOST_MESH_BSS_SIZE = ABSOLUTE ((. - BTSTACK_LE_HOST_MESH_BSS_START))
                0x000068a8                btstack_bss_end = .
                0x000068a8                update_bss_start = .
 *(.update_bss)
 .update_bss    0x000068a8      0x1e4 cpu/br36/tools/sdk.elf.o
                0x00006a8c                update_bss_end = .
                0x00006a8c                driver_bss_start = .
                0x00006a8c                CLOCK_BSS_START = .
 *(.clock_bss)
                0x00000000                CLOCK_BSS_SIZE = ABSOLUTE ((. - CLOCK_BSS_START))
 *(.debug_bss)
 *(.uart_bss)
 *(.sd_var)
                0x00006a8c                . = ALIGN (0x4)
                0x00006a8c                driver_bss_end = .
                0x00006a8c                utils_bss_start = .
 *(.utils_bss)
                0x00006a8c                utils_bss_end = .
                0x00006a8c                . = ALIGN (0x4)

.data_code      0x00006aa0       0x74
                0x00006aa0                data_code_pc_limit_begin = .
 *(.bank_critical_code)
 .bank_critical_code
                0x00006aa0       0x72 cpu/br36/tools/sdk.elf.o
                0x00006b12                media_data_code_start = .
                0x00006b14                . = ALIGN (0x4)
 *fill*         0x00006b12        0x2 
                0x00006b14                . = ALIGN (0x4)
                0x00006b14                media_data_code_end = .
                0x00006b14                . = ALIGN (0x4)
                0x00006b14                driver_data_code_start = .
                0x00006b14                driver_data_code_end = .
                0x00006b14                . = ALIGN (0x4)
 *(.utils_data_code)
                0x00006b14                . = ALIGN (0x4)

.common         0x00006b20     0x263c
                0x00006b20                common_code_run_addr = .
 *(.common*)
 *(.math_fast_funtion_code)
 .math_fast_funtion_code
                0x00006b20       0x48 cpu/br36/tools/sdk.elf.o
 *(.flushinv_icache)
 *(.cache)
 *(.volatile_ram_code)
 .volatile_ram_code
                0x00006b68      0xc8e cpu/br36/tools/sdk.elf.o
                0x000072f2                spi_for_maskrom_init
 *fill*         0x000077f6        0x2 
 .volatile_ram_code
                0x000077f8       0x92 cpu/br36/liba/cpu.a(startup.S.o)
                0x000077f8                __BT_UPDATA_JUMP
                0x00007878                exception_irq_handler
 *fill*         0x0000788a        0x2 
 .volatile_ram_code
                0x0000788c       0x5a cpu/br36/liba/system.a(movable.S.o)
                0x0000788c                movable_swi_entry
 *(.chargebox_code)
 *(.os_critical_code)
 *(.os.text*)
 *fill*         0x000078e6        0x2 
 .os.text.cache.L1
                0x000078e8      0x16a cpu/br36/tools/sdk.elf.o
                0x000078e8                os_taskq_post_type
                0x00007a3c                pvPortSwitch
 *fill*         0x00007a52        0x2 
 .os.text.cache.L1
                0x00007a54       0x82 cpu/br36/liba/system.a(port_asm_mmu.S.o)
                0x00007a54                vAppPortStartFirstTask
                0x00007a7e                vAppSoftwareInterruptISR
                0x00007ac0                begin_of_data
                0x00007ac0                __tick_irq_handler
 *(.movable.stub.1)
 *(.*.text.cache.L1)
 *fill*         0x00007ad6        0x2 
 .memory.text.cache.L1
                0x00007ad8      0x36e cpu/br36/tools/sdk.elf.o
 *fill*         0x00007e46        0x2 
 .clock.text.cache.L1
                0x00007e48      0x13c cpu/br36/tools/sdk.elf.o
 .link_bulk.text.cache.L1
                0x00007f84      0x102 cpu/br36/tools/sdk.elf.o
 *fill*         0x00008086        0x2 
 .baseband.text.cache.L1
                0x00008088      0x418 cpu/br36/tools/sdk.elf.o
 .power_driver.text.cache.L1
                0x000084a0      0xa60 cpu/br36/tools/sdk.elf.o
 .usb.text.cache.L1
                0x00008f00       0x14 cpu/br36/tools/sdk.elf.o
 .gptimer.text.cache.L1
                0x00008f14       0xe0 cpu/br36/tools/sdk.elf.o
 .classic.text.cache.L1
                0x00008ff4      0x10c cpu/br36/tools/sdk.elf.o
 *(.*.text.const.cache.L2)
 .lmp.text.const.cache.L2
                0x00009100       0x5c cpu/br36/tools/sdk.elf.o
                0x0000915c                . = ALIGN (0x4)
                0x0000915c                __report_overlay_begin = .
                0x0000915c                overlay_code_begin = .

.overlay_aec    0x0000915c        0x0 load address 0x00200000
                [!provide]                PROVIDE (__load_start_overlay_aec, LOADADDR (.overlay_aec))
                [!provide]                PROVIDE (__load_stop_overlay_aec, (LOADADDR (.overlay_aec) + SIZEOF (.overlay_aec)))

.overlay_aac    0x0000915c        0x0 load address 0x00200000
                [!provide]                PROVIDE (__load_start_overlay_aac, LOADADDR (.overlay_aac))
                [!provide]                PROVIDE (__load_stop_overlay_aac, (LOADADDR (.overlay_aac) + SIZEOF (.overlay_aac)))

.ram0_empty0    0x0000915c        0x4
                0x00009160                . = (. + 0x4)
 *fill*         0x0000915c        0x4 

.overlay_aec_ram
                0x00009160        0x0 load address 0x00210000
                0x00009160                . = ALIGN (0x4)
 *(.msbc_enc)
 *(.cvsd_codec)
 *(.aec_bss)
 *(.res_bss)
 *(.ns_bss)
 *(.nlp_bss)
 *(.der_bss)
 *(.qmf_bss)
 *(.fft_bss)
 *(.aec_mem)
 *(.dms_bss)
 *(.jlsp_aec_bss)
 *(.jlsp_nlp_bss)
 *(.jlsp_dns_bss)
 *(.jlsp_enc_bss)
 *(.jlsp_prep_bss)
 *(.jlsp_wn_bss)
                [!provide]                PROVIDE (__load_start_overlay_aec_ram, LOADADDR (.overlay_aec_ram))
                [!provide]                PROVIDE (__load_stop_overlay_aec_ram, (LOADADDR (.overlay_aec_ram) + SIZEOF (.overlay_aec_ram)))

.overlay_aac_ram
                0x00009160        0x0 load address 0x00210000
                0x00009160                . = ALIGN (0x4)
 *(.bt_aac_dec_bss)
                0x00009160                . = ALIGN (0x4)
 *(.aac_mem)
 *(.aac_ctrl_mem)
                [!provide]                PROVIDE (__load_start_overlay_aac_ram, LOADADDR (.overlay_aac_ram))
                [!provide]                PROVIDE (__load_stop_overlay_aac_ram, (LOADADDR (.overlay_aac_ram) + SIZEOF (.overlay_aac_ram)))

.overlay_mp3    0x00009160        0x0 load address 0x00210000
 *(.mp3_mem)
 *(.mp3_ctrl_mem)
 *(.mp3pick_mem)
 *(.mp3pick_ctrl_mem)
 *(.dec2tws_mem)
                [!provide]                PROVIDE (__load_start_overlay_mp3, LOADADDR (.overlay_mp3))
                [!provide]                PROVIDE (__load_stop_overlay_mp3, (LOADADDR (.overlay_mp3) + SIZEOF (.overlay_mp3)))

.overlay_wav    0x00009160        0x0 load address 0x00210000
 *(.wav_mem)
 *(.wav_ctrl_mem)
                [!provide]                PROVIDE (__load_start_overlay_wav, LOADADDR (.overlay_wav))
                [!provide]                PROVIDE (__load_stop_overlay_wav, (LOADADDR (.overlay_wav) + SIZEOF (.overlay_wav)))

.overlay_wma    0x00009160        0x0 load address 0x00210000
 *(.wma_mem)
 *(.wma_ctrl_mem)
 *(.wmapick_mem)
 *(.wmapick_ctrl_mem)
                [!provide]                PROVIDE (__load_start_overlay_wma, LOADADDR (.overlay_wma))
                [!provide]                PROVIDE (__load_stop_overlay_wma, (LOADADDR (.overlay_wma) + SIZEOF (.overlay_wma)))

.overlay_ape    0x00009160        0x0 load address 0x00210000
 *(.ape_mem)
 *(.ape_ctrl_mem)
                [!provide]                PROVIDE (__load_start_overlay_ape, LOADADDR (.overlay_ape))
                [!provide]                PROVIDE (__load_stop_overlay_ape, (LOADADDR (.overlay_ape) + SIZEOF (.overlay_ape)))

.overlay_flac   0x00009160        0x0 load address 0x00210000
 *(.flac_mem)
 *(.flac_ctrl_mem)
                [!provide]                PROVIDE (__load_start_overlay_flac, LOADADDR (.overlay_flac))
                [!provide]                PROVIDE (__load_stop_overlay_flac, (LOADADDR (.overlay_flac) + SIZEOF (.overlay_flac)))

.overlay_m4a    0x00009160        0x0 load address 0x00210000
 *(.m4a_mem)
 *(.m4a_ctrl_mem)
 *(.m4apick_mem)
 *(.m4apick_ctrl_mem)
                [!provide]                PROVIDE (__load_start_overlay_m4a, LOADADDR (.overlay_m4a))
                [!provide]                PROVIDE (__load_stop_overlay_m4a, (LOADADDR (.overlay_m4a) + SIZEOF (.overlay_m4a)))

.overlay_amr    0x00009160        0x0 load address 0x00210000
 *(.amr_mem)
 *(.amr_ctrl_mem)
                [!provide]                PROVIDE (__load_start_overlay_amr, LOADADDR (.overlay_amr))
                [!provide]                PROVIDE (__load_stop_overlay_amr, (LOADADDR (.overlay_amr) + SIZEOF (.overlay_amr)))

.overlay_alac   0x00009160        0x0 load address 0x00210000
 *(.alac_ctrl_mem)
                [!provide]                PROVIDE (__load_start_overlay_alac, LOADADDR (.overlay_alac))
                [!provide]                PROVIDE (__load_stop_overlay_alac, (LOADADDR (.overlay_alac) + SIZEOF (.overlay_alac)))

.overlay_dts    0x00009160        0x0 load address 0x00210000
 *(.dts_mem)
 *(.dts_ctrl_mem)
                [!provide]                PROVIDE (__load_start_overlay_dts, LOADADDR (.overlay_dts))
                [!provide]                PROVIDE (__load_stop_overlay_dts, (LOADADDR (.overlay_dts) + SIZEOF (.overlay_dts)))

.overlay_fm     0x00009160        0x0 load address 0x00210000
 *(.fm_mem)
                [!provide]                PROVIDE (__load_start_overlay_fm, LOADADDR (.overlay_fm))
                [!provide]                PROVIDE (__load_stop_overlay_fm, (LOADADDR (.overlay_fm) + SIZEOF (.overlay_fm)))

.overlay_pc     0x00009160        0x0 load address 0x00210000
                [!provide]                PROVIDE (__load_start_overlay_pc, LOADADDR (.overlay_pc))
                [!provide]                PROVIDE (__load_stop_overlay_pc, (LOADADDR (.overlay_pc) + SIZEOF (.overlay_pc)))
                0x00009160                data_code_pc_limit_end = .
                0x00009160                __report_overlay_end = .
                0x00009160                _HEAP_BEGIN = .
                0x0002bb60                _HEAP_END = RAM0_END
                0x01e00100                . = ORIGIN (code0)

.text           0x01e00100    0xa8a14
                [!provide]                PROVIDE (text_rodata_begin, .)
 *(.entry_text)
 *(.startup.text)
 .startup.text  0x01e00100       0x7e cpu/br36/liba/cpu.a(startup.S.o)
                0x01e00100                _start
                0x01e0017e                bank_stub_start = .
 *(.bank.stub.*)
                0x00000000                bank_stub_size = (. - bank_stub_start)
                0x01e0017e                __media_start = .
 *(.media.*.text)
 .media.framework.text
                0x01e0017e     0x31b2 cpu/br36/tools/sdk.elf.o
 .media.media_cpu.text
                0x01e03330     0x6078 cpu/br36/tools/sdk.elf.o
 .media.bluetooth_audio.text
                0x01e093a8      0xc88 cpu/br36/tools/sdk.elf.o
 .media.audio_libutils.text
                0x01e0a030      0x6f2 cpu/br36/tools/sdk.elf.o
 .media.audio_common.text
                0x01e0a722      0x1a4 cpu/br36/tools/sdk.elf.o
 .media.mixer.text
                0x01e0a8c6       0x20 cpu/br36/tools/sdk.elf.o
 *(.wtg_dec_code)
 *(.wtg_dec_sparse_code)
 *(.msbc_code)
 .msbc_code     0x01e0a8e6      0x486 cpu/br36/tools/sdk.elf.o
 *(.msbc_codec_code)
 *(.dac.text*)
 .dac.text.cache.L2
                0x01e0ad6c       0x78 cpu/br36/tools/sdk.elf.o
 *(.mixer.text*)
 .mixer.text.cache.L2
                0x01e0ade4      0x244 cpu/br36/tools/sdk.elf.o
 *(.wtg_dec.text*)
 *(.audio_energy_detect.text)
 .audio_energy_detect.text
                0x01e0b028      0x4e2 cpu/br36/tools/sdk.elf.o
 *(.audio_dac.text.cache.L2.dac)
 .audio_dac.text.cache.L2.dac
                0x01e0b50a       0x1e cpu/br36/tools/sdk.elf.o
 *(.stream.text.cache.L2)
 .stream.text.cache.L2
                0x01e0b528     0x1342 cpu/br36/tools/sdk.elf.o
                0x01e0c86c                . = ALIGN (0x4)
 *fill*         0x01e0c86a        0x2 
 *(.media.*.text.const)
 *(.wtg_dec_const)
 *(.msbc_const)
 .msbc_const    0x01e0c86c       0x4e cpu/br36/tools/sdk.elf.o
 *(.msbc_codec_const)
                0x0000c73c                __media_size = (. - __media_start)
                0x01e0c8ba                __system_start = .
 *(.system.*)
 .system.cpu.text
                0x01e0c8ba      0xf32 cpu/br36/tools/sdk.elf.o
                0x01e0d21c                vFillingTaskStack
                0x01e0d258                maskrom_init
                0x01e0d41a                boot_info_init
                0x01e0d648                hw_mmu_disable
 .system.timer.text
                0x01e0d7ec      0x83c cpu/br36/tools/sdk.elf.o
 .system.task.text
                0x01e0e028      0x2fc cpu/br36/tools/sdk.elf.o
                0x01e0e324                . = ALIGN (0x4)
                0x00001a6a                __system_size = (. - __system_start)
                0x01e0e324                __btstack_start = .
 *(.bt_stack_code)
 .bt_stack_code
                0x01e0e324    0x10f96 cpu/br36/tools/sdk.elf.o
                0x01e1f2bc                . = ALIGN (0x4)
 *fill*         0x01e1f2ba        0x2 
 *(.bt_stack_const)
 .bt_stack_const
                0x01e1f2bc      0x9d8 cpu/br36/tools/sdk.elf.o
                0x00011970                __btstack_size = (. - __btstack_start)
                0x01e1fc94                __btctrler_start = .
 *(.classic_tws_code)
 *(.classic_tws_code.esco)
 *(.link_bulk.text.cache.L1)
 *(.link_bulk_code)
 *(.link_bulk_code)
 *(.lmp.text*)
 .lmp.text      0x01e1fc94     0x99fe cpu/br36/tools/sdk.elf.o
 .lmp.text.cache.L2
                0x01e29692      0x94a cpu/br36/tools/sdk.elf.o
 .lmp.text.const
                0x01e29fdc       0x80 cpu/br36/tools/sdk.elf.o
 *(.lmp_auth.text*)
 .lmp_auth.text
                0x01e2a05c      0x6e2 cpu/br36/tools/sdk.elf.o
 .lmp_auth.text.const
                0x01e2a73e      0x4f0 cpu/br36/tools/sdk.elf.o
 *(.tws_data_forward_code)
 *(.tws_irq_code)
 *(.tws_media_sync_code)
 *(.ble_hci.text)
 .ble_hci.text  0x01e2ac2e      0x6fa cpu/br36/tools/sdk.elf.o
 *(.ble_ll.text)
 .ble_ll.text   0x01e2b328     0x2bbe cpu/br36/tools/sdk.elf.o
 *(.ble_rf.text)
 .ble_rf.text   0x01e2dee6     0x3a9c cpu/br36/tools/sdk.elf.o
 *(.bredr_irq_code)
 *(.bredr_irq_code)
 *(.bt_rf.text*)
 .bt_rf.text    0x01e31982     0x2702 cpu/br36/tools/sdk.elf.o
 .bt_rf.text.const
                0x01e34084      0x408 cpu/br36/tools/sdk.elf.o
 *(.classic.text*)
 .classic.text.cache.L2.irq
                0x01e3448c     0x24f6 cpu/br36/tools/sdk.elf.o
 .classic.text  0x01e36982      0x22a cpu/br36/tools/sdk.elf.o
 .classic.text.const
                0x01e36bac       0x18 cpu/br36/tools/sdk.elf.o
 *(.cte_algorithm_code)
 *(.hci_controller.text*)
 .hci_controller.text
                0x01e36bc4      0xdc2 cpu/br36/tools/sdk.elf.o
 *fill*         0x01e37986        0x2 
 .hci_controller.text.const
                0x01e37988       0x28 cpu/br36/tools/sdk.elf.o
 *(.hci_interface.text)
 *(.hci_interface_code)
 *(.inquriy_scan.text)
 *(.vendor_manager.text)
 *(.baseband.text.cache.L1)
                0x00017d1c                __btctrler_size = (. - __btctrler_start)
                0x01e379b0                __crypto_start = .
 *(.crypto_bigint_code)
 .crypto_bigint_code
                0x01e379b0      0x416 cpu/br36/tools/sdk.elf.o
 *(.crypto_code)
 .crypto_code   0x01e37dc6      0x428 cpu/br36/tools/sdk.elf.o
 *(.crypto_const)
 *fill*         0x01e381ee        0x2 
 .crypto_const  0x01e381f0      0x171 cpu/br36/tools/sdk.elf.o
 *(.uECC_code)
 *fill*         0x01e38361        0x1 
 .uECC_code     0x01e38362      0xc12 cpu/br36/tools/sdk.elf.o
 *(.uECC_const)
 .uECC_const    0x01e38f74       0xb0 cpu/br36/tools/sdk.elf.o
 *(.hmac_code)
 .hmac_code     0x01e39024      0x3bc cpu/br36/tools/sdk.elf.o
                0x00001a30                __crypto_size = (. - __crypto_start)
 *(.text)
 .text          0x01e393e0    0x34fba cpu/br36/tools/sdk.elf.o
                0x01e46438                update_result_get
                0x01e46f14                __errno
                0x01e5de6c                app_bank_init
                0x01e5de70                setup_arch
                0x01e5e58a                exception_analyze
 .text          0x01e6e39a       0x46 C:/JL/pi32/pi32v2-lib/r3/libc.a(lib_a-strncasecmp.o)
                0x01e6e39a                strncasecmp
 .text          0x01e6e3e0       0x26 C:/JL/pi32/pi32v2-lib/r3/libc.a(lib_a-strncpy.o)
                0x01e6e3e0                strncpy
 .text          0x01e6e406      0x314 C:/JL/pi32/pi32v2-lib/r3/libcompiler-rt.a(adddf3.o)
                0x01e6e446                __adddf3
 .text          0x01e6e71a      0x1a0 C:/JL/pi32/pi32v2-lib/r3/libcompiler-rt.a(comparedf2.o)
                0x01e6e71a                __ledf2
                0x01e6e71a                __cmpdf2
                0x01e6e7ca                __gedf2
                0x01e6e872                __unorddf2
                0x01e6e8b2                __eqdf2
                0x01e6e8b4                __ltdf2
                0x01e6e8b6                __nedf2
                0x01e6e8b8                __gtdf2
 .text          0x01e6e8ba      0x346 C:/JL/pi32/pi32v2-lib/r3/libcompiler-rt.a(divdf3.o)
                0x01e6e8f0                __divdf3
 .text          0x01e6ec00       0x54 C:/JL/pi32/pi32v2-lib/r3/libcompiler-rt.a(fixdfsi.o)
                0x01e6ec00                __fixdfsi
 .text          0x01e6ec54      0x2fa C:/JL/pi32/pi32v2-lib/r3/libcompiler-rt.a(muldf3.o)
                0x01e6ec8a                __muldf3
 .text          0x01e6ef4e       0x10 C:/JL/pi32/pi32v2-lib/r3/libcompiler-rt.a(udivdi3.o)
                0x01e6ef4e                __udivdi3
 .text          0x01e6ef5e      0x226 C:/JL/pi32/pi32v2-lib/r3/libcompiler-rt.a(udivmoddi4.o)
                0x01e6ef5e                __udivmoddi4
 .text          0x01e6f184       0x7a C:/JL/pi32/pi32v2-lib/r3/libcompiler-rt.a(extendsfdf2.o)
                0x01e6f184                __extendsfdf2
 .text          0x01e6f1fe       0x34 C:/JL/pi32/pi32v2-lib/r3/libcompiler-rt.a(floatunsidf.o)
                0x01e6f1fe                __floatunsidf
 .text          0x01e6f232      0x142 C:/JL/pi32/pi32v2-lib/r3/libcompiler-rt.a(truncdfsf2.o)
                0x01e6f232                __truncdfsf2
 *(.*.text)
 .uart.text     0x01e6f374      0x350 cpu/br36/tools/sdk.elf.o
 .power_driver.text
                0x01e6f6c4     0x1054 cpu/br36/tools/sdk.elf.o
 .power_reset.text
                0x01e70718      0x826 cpu/br36/tools/sdk.elf.o
 .power_wakeup.text
                0x01e70f3e      0x84c cpu/br36/tools/sdk.elf.o
 .effects_analyze.text
                0x01e7178a      0x314 cpu/br36/tools/sdk.elf.o
 .gain.text     0x01e71a9e       0x36 cpu/br36/tools/sdk.elf.o
 .eq.text       0x01e71ad4      0xf2e cpu/br36/tools/sdk.elf.o
 .hw_eq.text    0x01e72a02      0x668 cpu/br36/tools/sdk.elf.o
 .effect_dev0.text
                0x01e7306a       0x96 cpu/br36/tools/sdk.elf.o
 .plc.text      0x01e73100       0x7e cpu/br36/tools/sdk.elf.o
 .usb.text      0x01e7317e        0x4 cpu/br36/tools/sdk.elf.o
 .channel_adapter.text
                0x01e73182       0x16 cpu/br36/tools/sdk.elf.o
 .wts.text      0x01e73198      0x184 cpu/br36/tools/sdk.elf.o
 .sine.text     0x01e7331c      0x12e cpu/br36/tools/sdk.elf.o
 .convert.text  0x01e7344a       0x10 cpu/br36/tools/sdk.elf.o
 .wav_dec.text  0x01e7345a      0x5be cpu/br36/tools/sdk.elf.o
 .wav.text      0x01e73a18      0x368 cpu/br36/tools/sdk.elf.o
 .aac.text      0x01e73d80      0x51a cpu/br36/tools/sdk.elf.o
 .wtgv2_dec.text
                0x01e7429a      0x1b8 cpu/br36/tools/sdk.elf.o
 .bt_aac_dec.text
                0x01e74452      0x230 cpu/br36/tools/sdk.elf.o
 *(.*.text.const)
 *fill*         0x01e74682       0x1e 
 .power_driver.text.const
                0x01e746a0      0x325 cpu/br36/tools/sdk.elf.o
 .power_reset.text.const
                0x01e749c5      0x2ca cpu/br36/tools/sdk.elf.o
 .power_wakeup.text.const
                0x01e74c8f      0x5e9 cpu/br36/tools/sdk.elf.o
 .usb.text.const
                0x01e75278        0x8 cpu/br36/tools/sdk.elf.o
 .ble_ll.text.const
                0x01e75280       0xb0 cpu/br36/tools/sdk.elf.o
 .ble_hci.text.const
                0x01e75330       0x19 cpu/br36/tools/sdk.elf.o
 *fill*         0x01e75349        0x3 
 .ble_rf.text.const
                0x01e7534c       0x24 cpu/br36/tools/sdk.elf.o
 .hw_eq.text.const
                0x01e75370       0x14 cpu/br36/tools/sdk.elf.o
 *(.*.text.const.cache.L2)
 *(.*.text.cache.L2*)
 .gpio.text.cache.L2
                0x01e75384       0xf0 cpu/br36/tools/sdk.elf.o
 .wtgv2_dec.text.cache.L2.run
                0x01e75474     0x215e cpu/br36/tools/sdk.elf.o
 .wtgv2_dec.text.cache.L2
                0x01e775d2       0x2a cpu/br36/tools/sdk.elf.o
 .wav_dec.text.cache.L2.run
                0x01e775fc     0x18ba cpu/br36/tools/sdk.elf.o
 .bt_aac_dec.text.cache.L2.run
                0x01e78eb6     0x2c1a cpu/br36/tools/sdk.elf.o
 .sfc.text.cache.L2
                0x01e7bad0      0x160 cpu/br36/tools/sdk.elf.o
 .wav_dec.text.cache.L2.const
                0x01e7bc30      0x228 cpu/br36/tools/sdk.elf.o
 .wtgv2_dec.text.cache.L2.const
                0x01e7be58     0x1590 cpu/br36/tools/sdk.elf.o
 .bt_aac_dec.text.cache.L2.const
                0x01e7d3e8       0x44 cpu/br36/tools/sdk.elf.o
 *(.LOG_TAG_CONST*)
 *(.rodata*)
 .rodata.str1.1
                0x01e7d42c     0x3916 cpu/br36/tools/sdk.elf.o
                               0x393c (size before relaxing)
 *fill*         0x01e80d42        0xe 
 .rodata        0x01e80d50    0x19d54 cpu/br36/tools/sdk.elf.o
 *fill*         0x01e9aaa4        0xc 
 .rodata.str1.16
                0x01e9aab0     0x1af0 cpu/br36/tools/sdk.elf.o
                               0x1ae6 (size before relaxing)
 .rodata.cst16  0x01e9c5a0       0x20 cpu/br36/tools/sdk.elf.o
 .rodata.cst8   0x01e9c5c0        0x8 cpu/br36/tools/sdk.elf.o
 .rodata._ZTV15StaticAllocatorI9floatRealE
                0x01e9c5c8       0x10 cpu/br36/tools/sdk.elf.o
 .rodata.cst32  0x01e9c5d8       0x20 cpu/br36/tools/sdk.elf.o
 .rodata        0x01e9c5f8      0x281 C:/JL/pi32/pi32v2-lib/r3/libc.a(lib_a-ctype_.o)
                0x01e9c778                _ctype_
                0x01e9c87c                . = ALIGN (0x4)
 *fill*         0x01e9c879        0x3 
                [!provide]                PROVIDE (text_rodata_end, .)
                0x01e9c87c                clock_critical_handler_begin = .
 *(.clock_critical_txt)
 .clock_critical_txt
                0x01e9c87c       0x38 cpu/br36/tools/sdk.elf.o
                0x01e9c87c                clock_chargestore
                0x01e9c884                clock_saradc
                0x01e9c88c                clock_uart_v1_ot
                0x01e9c894                clock_lrc
                0x01e9c89c                clock_sdx
                0x01e9c8a4                clock_port
                0x01e9c8ac                clock_jlstream
                0x01e9c8b4                clock_critical_handler_end = .
                0x01e9c8b4                . = ALIGN (0x4)
                0x01e9c8b4                chargestore_handler_begin = .
 *(.chargestore_callback_txt)
 .chargestore_callback_txt
                0x01e9c8b4        0x8 cpu/br36/tools/sdk.elf.o
                0x01e9c8b4                chargestore_chargestore
                0x01e9c8b8                chargestore_testbox
                0x01e9c8bc                chargestore_handler_end = .
                0x01e9c8bc                . = ALIGN (0x4)
                0x01e9c8bc                app_msg_handler_begin = .
 *(.app_msg_handler)
 .app_msg_handler
                0x01e9c8bc      0x258 cpu/br36/tools/sdk.elf.o
                0x01e9c8bc                rcsp_app_msg_entry
                0x01e9c8c8                rcsp_bt_hci_msg_entry
                0x01e9c8d4                rcsp_bt_msg_entry
                0x01e9c8e0                rcsp_bt_stack_msg_entry
                0x01e9c8ec                rcsp_msg_entry
                0x01e9c8f8                rcsp_tws_msg_entry
                0x01e9c904                multi_protocol_hci_msg_handler
                0x01e9c910                multi_protocol_msg_handler
                0x01e9c91c                multi_protocol_tws_msg_handler_stub
                0x01e9c928                bat_level_msg_entry
                0x01e9c934                bat_charge_msg_entry
                0x01e9c940                chargestore_msg_entry
                0x01e9c94c                chargestore_tws_msg_entry
                0x01e9c958                tws_msg_handler
                0x01e9c964                tws_msg_handler_user_ble
                0x01e9c970                btmode_hci_msg_handler
                0x01e9c97c                btmode_stack_msg_handler
                0x01e9c988                app_key_msg_entry
                0x01e9c994                kws_voice_event_msg_entry
                0x01e9c9a0                sniff_btstack_msg_stub
                0x01e9c9ac                sniff_tws_msg_entry
                0x01e9c9b8                tone_stack_msg_entry
                0x01e9c9c4                tone_tws_msg_entry
                0x01e9c9d0                a2dp_app_msg_handler_stub
                0x01e9c9dc                a2dp_audio_msg_handler_stub
                0x01e9c9e8                a2dp_hci_msg_handler
                0x01e9c9f4                a2dp_stack_msg_handler
                0x01e9ca00                a2dp_tws_msg_handler_stub
                0x01e9ca0c                dual_conn_app_msg_entry
                0x01e9ca18                dual_conn_hci_msg_entry
                0x01e9ca24                dual_conn_stack_msg_entry
                0x01e9ca30                dual_conn_tws_msg_entry
                0x01e9ca3c                bt_phone_msg_handler_stub
                0x01e9ca48                call_tws_msg_handler_stub
                0x01e9ca54                tws_phone_hci_msg_stub
                0x01e9ca60                poweroff_app_msg_entry
                0x01e9ca6c                poweroff_btstack_msg_stub
                0x01e9ca78                poweroff_tws_msg_entry
                0x01e9ca84                key_tone_msg_entry
                0x01e9ca90                app_scene_msg_entry
                0x01e9ca9c                audio_msg_entry
                0x01e9caa8                bat_msg_entry
                0x01e9cab4                bt_app_msg_entry
                0x01e9cac0                bthci_msg_entry
                0x01e9cacc                scene_btstack_msg_handler
                0x01e9cad8                scene_key_msg_entry
                0x01e9cae4                tone_scene_msg_entry
                0x01e9caf0                tws_scene_app_msg_entry
                0x01e9cafc                tws_scene_msg_entry
                0x01e9cb08                testbox_msg_entry
                0x01e9cb14                app_msg_handler_end = .
                0x01e9cb14                . = ALIGN (0x4)
                0x01e9cb14                app_msg_prob_handler_begin = .
 *(.app_msg_prob_handler)
 .app_msg_prob_handler
                0x01e9cb14        0xc cpu/br36/tools/sdk.elf.o
                0x01e9cb14                call_kws_btstack_msg_entry
                0x01e9cb20                app_msg_prob_handler_end = .
                0x01e9cb20                . = ALIGN (0x4)
                0x01e9cb20                app_charge_handler_begin = .
 *(.app_charge_handler.0)
 .app_charge_handler.0
                0x01e9cb20        0x8 cpu/br36/tools/sdk.elf.o
                0x01e9cb20                device_charge_msg_entry
                0x01e9cb24                chargestore_charge_msg_entry
 *(.app_charge_handler.1)
 .app_charge_handler.1
                0x01e9cb28        0x4 cpu/br36/tools/sdk.elf.o
                0x01e9cb28                testbox_charge_msg_entry
                0x01e9cb2c                app_charge_handler_end = .
                0x01e9cb2c                scene_ability_begin = .
 *(.scene_ability)
 .scene_ability
                0x01e9cb2c      0x120 cpu/br36/tools/sdk.elf.o
                0x01e9cb2c                __adio_ability
                0x01e9cb3c                __app_ability
                0x01e9cb4c                __audio_ability
                0x01e9cb5c                __battery_ability_entry
                0x01e9cb6c                __btstack_ability
                0x01e9cb7c                __counter_ability
                0x01e9cb8c                __gpio_ability
                0x01e9cb9c                __key_driver_ability
                0x01e9cbac                __key_mode_ability
                0x01e9cbbc                __key_next_ability
                0x01e9cbcc                __key_play_ability
                0x01e9cbdc                __key_prev_ability
                0x01e9cbec                __key_pwr_ability
                0x01e9cbfc                __key_slider_ability
                0x01e9cc0c                __led_ability
                0x01e9cc1c                __sys_timer_ability
                0x01e9cc2c                __tone_ability
                0x01e9cc3c                __tws_ability
                0x01e9cc4c                scene_ability_end = .
                0x01e9cc4c                . = ALIGN (0x4)
                0x01e9cc4c                stream_node_adapter_begin = .
 *(.stream_node_adapter)
 .stream_node_adapter
                0x01e9cc4c      0x150 cpu/br36/tools/sdk.elf.o
                0x01e9cc4c                cvp_node_adapter
                0x01e9cc64                effect_dev0_node_adapter
                0x01e9cc7c                esco_tx_adapter
                0x01e9cc94                plc_node_adapter
                0x01e9ccac                volume_node_adapter
                0x01e9ccc4                decoder_node_adapter
                0x01e9ccdc                dac_node_adapter
                0x01e9ccf4                mixer_node_adapter
                0x01e9cd0c                source_node_adapter
                0x01e9cd24                bt_audio_sync_node_adapter
                0x01e9cd3c                resample_node_adapter
                0x01e9cd54                eq_node_adapter
                0x01e9cd6c                encoder_node_adapter
                0x01e9cd84                automute_node_adapter
                0x01e9cd9c                stream_node_adapter_end = .
                0x01e9cd9c                . = ALIGN (0x4)
                0x01e9cd9c                source_node_plug_begin = .
 *(.source_node_plug)
 .source_node_plug
                0x01e9cd9c       0xc4 cpu/br36/tools/sdk.elf.o
                0x01e9cd9c                a2dp_file_plug
                0x01e9cdb8                adc_file_plug
                0x01e9cdd4                esco_file_plug
                0x01e9cdf0                pdm_mic_file_plug
                0x01e9ce0c                key_tone_file_plug
                0x01e9ce28                ring_file_plug
                0x01e9ce44                tone_file_plug
                0x01e9ce60                source_node_plug_end = .
                0x01e9ce60                . = ALIGN (0x4)
                0x01e9ce60                decoder_plug_begin = .
 *(.decoder_plug)
 .decoder_plug  0x01e9ce60       0x8c cpu/br36/tools/sdk.elf.o
                0x01e9ce60                sbc_decoder_plug
                0x01e9ce74                wts_dec_plug
                0x01e9ce88                sine_dec_plug
                0x01e9ce9c                msbc_decoder_plug
                0x01e9ceb0                wav_dec_plug
                0x01e9cec4                cvsd_decoder_plug
                0x01e9ced8                aac_dec_plug
                0x01e9ceec                decoder_plug_end = .
                0x01e9ceec                . = ALIGN (0x4)
                0x01e9ceec                encoder_plug_begin = .
 *(.encoder_plug)
 .encoder_plug  0x01e9ceec       0x28 cpu/br36/tools/sdk.elf.o
                0x01e9ceec                cvsd_encoder_plug
                0x01e9cf00                msbc_encoder_hw_plug
                0x01e9cf14                encoder_plug_end = .
                0x01e9cf14                . = ALIGN (0x4)
                0x01e9cf14                audio_package_begin = .
 *(.audio_package_handler)
                0x01e9cf14                audio_package_end = .
                0x01e9cf14                gsensor_dev_begin = .
 *(.gsensor_dev)
                0x01e9cf14                gsensor_dev_end = .
                0x01e9cf14                fm_dev_begin = .
 *(.fm_dev)
                0x01e9cf14                fm_dev_end = .
                0x01e9cf14                fm_emitter_dev_begin = .
 *(.fm_emitter_dev)
                0x01e9cf14                fm_emitter_dev_end = .
                0x01e9cf14                storage_device_begin = .
 *(.storage_device)
                0x01e9cf14                storage_device_end = .
                0x01e9cf14                . = ALIGN (0x4)
                0x01e9cf14                key_ops_begin = .
 *(.key_operation)
                0x01e9cf14                key_ops_end = .
                0x01e9cf14                . = ALIGN (0x4)
                0x01e9cf14                key_callback_begin = .
 *(.key_cb)
                0x01e9cf14                key_callback_end = .
                0x01e9cf14                . = ALIGN (0x4)
                0x01e9cf14                tool_interface_begin = .
 *(.tool_interface)
                0x01e9cf14                tool_interface_end = .
                0x01e9cf14                . = ALIGN (0x4)